Archive member included to satisfy reference by file (symbol)

c:/users/leo/eigene programme/stm32cubeide/stm32cubeide_1.4.0/stm32cubeide/plugins/com.st.stm32cube.ide.mcu.externaltools.gnu-tools-for-stm32.9-2020-q2-update.win32_2.0.0.202105311346/tools/bin/../lib/gcc/arm-none-eabi/9.3.1/../../../../arm-none-eabi/lib/thumb/v7-m/nofp\libc_nano.a(lib_a-errno.o)
                              ./Core/Src/syscalls.o (__errno)
c:/users/leo/eigene programme/stm32cubeide/stm32cubeide_1.4.0/stm32cubeide/plugins/com.st.stm32cube.ide.mcu.externaltools.gnu-tools-for-stm32.9-2020-q2-update.win32_2.0.0.202105311346/tools/bin/../lib/gcc/arm-none-eabi/9.3.1/../../../../arm-none-eabi/lib/thumb/v7-m/nofp\libc_nano.a(lib_a-exit.o)
                              c:/users/leo/eigene programme/stm32cubeide/stm32cubeide_1.4.0/stm32cubeide/plugins/com.st.stm32cube.ide.mcu.externaltools.gnu-tools-for-stm32.9-2020-q2-update.win32_2.0.0.202105311346/tools/bin/../lib/gcc/arm-none-eabi/9.3.1/../../../../arm-none-eabi/lib/thumb/v7-m/nofp/crt0.o (exit)
c:/users/leo/eigene programme/stm32cubeide/stm32cubeide_1.4.0/stm32cubeide/plugins/com.st.stm32cube.ide.mcu.externaltools.gnu-tools-for-stm32.9-2020-q2-update.win32_2.0.0.202105311346/tools/bin/../lib/gcc/arm-none-eabi/9.3.1/../../../../arm-none-eabi/lib/thumb/v7-m/nofp\libc_nano.a(lib_a-impure.o)
                              c:/users/leo/eigene programme/stm32cubeide/stm32cubeide_1.4.0/stm32cubeide/plugins/com.st.stm32cube.ide.mcu.externaltools.gnu-tools-for-stm32.9-2020-q2-update.win32_2.0.0.202105311346/tools/bin/../lib/gcc/arm-none-eabi/9.3.1/../../../../arm-none-eabi/lib/thumb/v7-m/nofp\libc_nano.a(lib_a-exit.o) (_global_impure_ptr)
c:/users/leo/eigene programme/stm32cubeide/stm32cubeide_1.4.0/stm32cubeide/plugins/com.st.stm32cube.ide.mcu.externaltools.gnu-tools-for-stm32.9-2020-q2-update.win32_2.0.0.202105311346/tools/bin/../lib/gcc/arm-none-eabi/9.3.1/../../../../arm-none-eabi/lib/thumb/v7-m/nofp\libc_nano.a(lib_a-init.o)
                              c:/users/leo/eigene programme/stm32cubeide/stm32cubeide_1.4.0/stm32cubeide/plugins/com.st.stm32cube.ide.mcu.externaltools.gnu-tools-for-stm32.9-2020-q2-update.win32_2.0.0.202105311346/tools/bin/../lib/gcc/arm-none-eabi/9.3.1/../../../../arm-none-eabi/lib/thumb/v7-m/nofp/crt0.o (__libc_init_array)
c:/users/leo/eigene programme/stm32cubeide/stm32cubeide_1.4.0/stm32cubeide/plugins/com.st.stm32cube.ide.mcu.externaltools.gnu-tools-for-stm32.9-2020-q2-update.win32_2.0.0.202105311346/tools/bin/../lib/gcc/arm-none-eabi/9.3.1/../../../../arm-none-eabi/lib/thumb/v7-m/nofp\libc_nano.a(lib_a-memcpy-stub.o)
                              ./Core/Src/ssd1306.o (memcpy)
c:/users/leo/eigene programme/stm32cubeide/stm32cubeide_1.4.0/stm32cubeide/plugins/com.st.stm32cube.ide.mcu.externaltools.gnu-tools-for-stm32.9-2020-q2-update.win32_2.0.0.202105311346/tools/bin/../lib/gcc/arm-none-eabi/9.3.1/../../../../arm-none-eabi/lib/thumb/v7-m/nofp\libc_nano.a(lib_a-memmove.o)
                              ./Core/Src/ssd1306_tests.o (memmove)
c:/users/leo/eigene programme/stm32cubeide/stm32cubeide_1.4.0/stm32cubeide/plugins/com.st.stm32cube.ide.mcu.externaltools.gnu-tools-for-stm32.9-2020-q2-update.win32_2.0.0.202105311346/tools/bin/../lib/gcc/arm-none-eabi/9.3.1/../../../../arm-none-eabi/lib/thumb/v7-m/nofp\libc_nano.a(lib_a-memset.o)
                              c:/users/leo/eigene programme/stm32cubeide/stm32cubeide_1.4.0/stm32cubeide/plugins/com.st.stm32cube.ide.mcu.externaltools.gnu-tools-for-stm32.9-2020-q2-update.win32_2.0.0.202105311346/tools/bin/../lib/gcc/arm-none-eabi/9.3.1/../../../../arm-none-eabi/lib/thumb/v7-m/nofp/crt0.o (memset)
c:/users/leo/eigene programme/stm32cubeide/stm32cubeide_1.4.0/stm32cubeide/plugins/com.st.stm32cube.ide.mcu.externaltools.gnu-tools-for-stm32.9-2020-q2-update.win32_2.0.0.202105311346/tools/bin/../lib/gcc/arm-none-eabi/9.3.1/../../../../arm-none-eabi/lib/thumb/v7-m/nofp\libc_nano.a(lib_a-snprintf.o)
                              ./Core/Src/ssd1306_tests.o (snprintf)
c:/users/leo/eigene programme/stm32cubeide/stm32cubeide_1.4.0/stm32cubeide/plugins/com.st.stm32cube.ide.mcu.externaltools.gnu-tools-for-stm32.9-2020-q2-update.win32_2.0.0.202105311346/tools/bin/../lib/gcc/arm-none-eabi/9.3.1/../../../../arm-none-eabi/lib/thumb/v7-m/nofp\libc_nano.a(lib_a-sprintf.o)
                              ./Core/Src/main.o (sprintf)
c:/users/leo/eigene programme/stm32cubeide/stm32cubeide_1.4.0/stm32cubeide/plugins/com.st.stm32cube.ide.mcu.externaltools.gnu-tools-for-stm32.9-2020-q2-update.win32_2.0.0.202105311346/tools/bin/../lib/gcc/arm-none-eabi/9.3.1/../../../../arm-none-eabi/lib/thumb/v7-m/nofp\libc_nano.a(lib_a-nano-svfprintf.o)
[...]
Memory Configuration

Name             Origin             Length             Attributes
RAM              0x0000000020000000 0x0000000000008000 xrw
FLASH            0x0000000008000000 0x0000000000040000 xr
*default*        0x0000000000000000 0xffffffffffffffff

Linker script and memory map

LOAD c:/users/leo/eigene programme/stm32cubeide/stm32cubeide_1.4.0/stm32cubeide/plugins/com.st.stm32cube.ide.mcu.externaltools.gnu-tools-for-stm32.9-2020-q2-update.win32_2.0.0.202105311346/tools/bin/../lib/gcc/arm-none-eabi/9.3.1/thumb/v7-m/nofp/crti.o
LOAD c:/users/leo/eigene programme/stm32cubeide/stm32cubeide_1.4.0/stm32cubeide/plugins/com.st.stm32cube.ide.mcu.externaltools.gnu-tools-for-stm32.9-2020-q2-update.win32_2.0.0.202105311346/tools/bin/../lib/gcc/arm-none-eabi/9.3.1/thumb/v7-m/nofp/crtbegin.o
LOAD c:/users/leo/eigene programme/stm32cubeide/stm32cubeide_1.4.0/stm32cubeide/plugins/com.st.stm32cube.ide.mcu.externaltools.gnu-tools-for-stm32.9-2020-q2-update.win32_2.0.0.202105311346/tools/bin/../lib/gcc/arm-none-eabi/9.3.1/../../../../arm-none-eabi/lib/thumb/v7-m/nofp/crt0.o
LOAD ./Core/Src/main.o
LOAD ./Core/Src/ssd1306.o
LOAD ./Core/Src/ssd1306_fonts.o
LOAD ./Core/Src/ssd1306_tests.o
LOAD ./Core/Src/stm32l1xx_hal_msp.o
LOAD ./Core/Src/stm32l1xx_it.o
LOAD ./Core/Src/syscalls.o
LOAD ./Core/Src/sysmem.o
LOAD ./Core/Src/system_stm32l1xx.o
LOAD ./Core/Startup/startup_stm32l151rctx.o
LOAD ./Drivers/STM32L1xx_HAL_Driver/Src/stm32l1xx_hal.o
LOAD ./Drivers/STM32L1xx_HAL_Driver/Src/stm32l1xx_hal_cortex.o
LOAD ./Drivers/STM32L1xx_HAL_Driver/Src/stm32l1xx_hal_dma.o
LOAD ./Drivers/STM32L1xx_HAL_Driver/Src/stm32l1xx_hal_exti.o
LOAD ./Drivers/STM32L1xx_HAL_Driver/Src/stm32l1xx_hal_flash.o
LOAD ./Drivers/STM32L1xx_HAL_Driver/Src/stm32l1xx_hal_flash_ex.o
LOAD ./Drivers/STM32L1xx_HAL_Driver/Src/stm32l1xx_hal_flash_ramfunc.o
LOAD ./Drivers/STM32L1xx_HAL_Driver/Src/stm32l1xx_hal_gpio.o
LOAD ./Drivers/STM32L1xx_HAL_Driver/Src/stm32l1xx_hal_i2c.o
LOAD ./Drivers/STM32L1xx_HAL_Driver/Src/stm32l1xx_hal_pwr.o
LOAD ./Drivers/STM32L1xx_HAL_Driver/Src/stm32l1xx_hal_pwr_ex.o
LOAD ./Drivers/STM32L1xx_HAL_Driver/Src/stm32l1xx_hal_rcc.o
LOAD ./Drivers/STM32L1xx_HAL_Driver/Src/stm32l1xx_hal_rcc_ex.o
LOAD ./Drivers/STM32L1xx_HAL_Driver/Src/stm32l1xx_hal_tim.o
LOAD ./Drivers/STM32L1xx_HAL_Driver/Src/stm32l1xx_hal_tim_ex.o
LOAD ./Drivers/STM32L1xx_HAL_Driver/Src/stm32l1xx_hal_uart.o
START GROUP
LOAD c:/users/leo/eigene programme/stm32cubeide/stm32cubeide_1.4.0/stm32cubeide/plugins/com.st.stm32cube.ide.mcu.externaltools.gnu-tools-for-stm32.9-2020-q2-update.win32_2.0.0.202105311346/tools/bin/../lib/gcc/arm-none-eabi/9.3.1/../../../../arm-none-eabi/lib/thumb/v7-m/nofp\libc_nano.a
LOAD c:/users/leo/eigene programme/stm32cubeide/stm32cubeide_1.4.0/stm32cubeide/plugins/com.st.stm32cube.ide.mcu.externaltools.gnu-tools-for-stm32.9-2020-q2-update.win32_2.0.0.202105311346/tools/bin/../lib/gcc/arm-none-eabi/9.3.1/../../../../arm-none-eabi/lib/thumb/v7-m/nofp\libm.a
END GROUP
START GROUP
LOAD c:/users/leo/eigene programme/stm32cubeide/stm32cubeide_1.4.0/stm32cubeide/plugins/com.st.stm32cube.ide.mcu.externaltools.gnu-tools-for-stm32.9-2020-q2-update.win32_2.0.0.202105311346/tools/bin/../lib/gcc/arm-none-eabi/9.3.1/thumb/v7-m/nofp\libgcc.a
LOAD c:/users/leo/eigene programme/stm32cubeide/stm32cubeide_1.4.0/stm32cubeide/plugins/com.st.stm32cube.ide.mcu.externaltools.gnu-tools-for-stm32.9-2020-q2-update.win32_2.0.0.202105311346/tools/bin/../lib/gcc/arm-none-eabi/9.3.1/../../../../arm-none-eabi/lib/thumb/v7-m/nofp\libc_nano.a
END GROUP
START GROUP
LOAD c:/users/leo/eigene programme/stm32cubeide/stm32cubeide_1.4.0/stm32cubeide/plugins/com.st.stm32cube.ide.mcu.externaltools.gnu-tools-for-stm32.9-2020-q2-update.win32_2.0.0.202105311346/tools/bin/../lib/gcc/arm-none-eabi/9.3.1/thumb/v7-m/nofp\libgcc.a
LOAD c:/users/leo/eigene programme/stm32cubeide/stm32cubeide_1.4.0/stm32cubeide/plugins/com.st.stm32cube.ide.mcu.externaltools.gnu-tools-for-stm32.9-2020-q2-update.win32_2.0.0.202105311346/tools/bin/../lib/gcc/arm-none-eabi/9.3.1/../../../../arm-none-eabi/lib/thumb/v7-m/nofp\libc_nano.a
LOAD c:/users/leo/eigene programme/stm32cubeide/stm32cubeide_1.4.0/stm32cubeide/plugins/com.st.stm32cube.ide.mcu.externaltools.gnu-tools-for-stm32.9-2020-q2-update.win32_2.0.0.202105311346/tools/bin/../lib/gcc/arm-none-eabi/9.3.1/../../../../arm-none-eabi/lib/thumb/v7-m/nofp\libnosys.a
END GROUP
START GROUP
LOAD c:/users/leo/eigene programme/stm32cubeide/stm32cubeide_1.4.0/stm32cubeide/plugins/com.st.stm32cube.ide.mcu.externaltools.gnu-tools-for-stm32.9-2020-q2-update.win32_2.0.0.202105311346/tools/bin/../lib/gcc/arm-none-eabi/9.3.1/thumb/v7-m/nofp\libgcc.a
LOAD c:/users/leo/eigene programme/stm32cubeide/stm32cubeide_1.4.0/stm32cubeide/plugins/com.st.stm32cube.ide.mcu.externaltools.gnu-tools-for-stm32.9-2020-q2-update.win32_2.0.0.202105311346/tools/bin/../lib/gcc/arm-none-eabi/9.3.1/../../../../arm-none-eabi/lib/thumb/v7-m/nofp\libc_nano.a
LOAD c:/users/leo/eigene programme/stm32cubeide/stm32cubeide_1.4.0/stm32cubeide/plugins/com.st.stm32cube.ide.mcu.externaltools.gnu-tools-for-stm32.9-2020-q2-update.win32_2.0.0.202105311346/tools/bin/../lib/gcc/arm-none-eabi/9.3.1/../../../../arm-none-eabi/lib/thumb/v7-m/nofp\libnosys.a
END GROUP
LOAD c:/users/leo/eigene programme/stm32cubeide/stm32cubeide_1.4.0/stm32cubeide/plugins/com.st.stm32cube.ide.mcu.externaltools.gnu-tools-for-stm32.9-2020-q2-update.win32_2.0.0.202105311346/tools/bin/../lib/gcc/arm-none-eabi/9.3.1/thumb/v7-m/nofp/crtend.o
LOAD c:/users/leo/eigene programme/stm32cubeide/stm32cubeide_1.4.0/stm32cubeide/plugins/com.st.stm32cube.ide.mcu.externaltools.gnu-tools-for-stm32.9-2020-q2-update.win32_2.0.0.202105311346/tools/bin/../lib/gcc/arm-none-eabi/9.3.1/thumb/v7-m/nofp/crtn.o
                0x0000000020008000                _estack = (ORIGIN (RAM) + LENGTH (RAM))
                0x0000000000000200                _Min_Heap_Size = 0x200
                0x0000000000000400                _Min_Stack_Size = 0x400

.isr_vector     0x0000000008000000      0x13c
                0x0000000008000000                . = ALIGN (0x4)
 *(.isr_vector)
 .isr_vector    0x0000000008000000      0x13c ./Core/Startup/startup_stm32l151rctx.o
                0x0000000008000000                g_pfnVectors
                0x000000000800013c                . = ALIGN (0x4)

.text           0x0000000008000140     0x5160
                0x0000000008000140                . = ALIGN (0x4)
 *(.text)
 .text          0x0000000008000140       0x40 c:/users/leo/eigene programme/stm32cubeide/stm32cubeide_1.4.0/stm32cubeide/plugins/com.st.stm32cube.ide.mcu.externaltools.gnu-tools-for-stm32.9-2020-q2-update.win32_2.0.0.202105311346/tools/bin/../lib/gcc/arm-none-eabi/9.3.1/thumb/v7-m/nofp/crtbegin.o
 .text          0x0000000008000180      0x378 c:/users/leo/eigene programme/stm32cubeide/stm32cubeide_1.4.0/stm32cubeide/plugins/com.st.stm32cube.ide.mcu.externaltools.gnu-tools-for-stm32.9-2020-q2-update.win32_2.0.0.202105311346/tools/bin/../lib/gcc/arm-none-eabi/9.3.1/thumb/v7-m/nofp\libgcc.a(_arm_addsubdf3.o)
                0x0000000008000180                __aeabi_drsub
                0x0000000008000188                __aeabi_dsub
                0x0000000008000188                __subdf3
                0x000000000800018c                __aeabi_dadd
                0x000000000800018c                __adddf3
                0x0000000008000404                __floatunsidf
                0x0000000008000404                __aeabi_ui2d
                0x0000000008000424                __floatsidf
                0x0000000008000424                __aeabi_i2d
                0x0000000008000448                __aeabi_f2d
                0x0000000008000448                __extendsfdf2
                0x000000000800048c                __floatundidf
                0x000000000800048c                __aeabi_ul2d
                0x000000000800049c                __floatdidf
                0x000000000800049c                __aeabi_l2d
 .text          0x00000000080004f8      0x424 c:/users/leo/eigene programme/stm32cubeide/stm32cubeide_1.4.0/stm32cubeide/plugins/com.st.stm32cube.ide.mcu.externaltools.gnu-tools-for-stm32.9-2020-q2-update.win32_2.0.0.202105311346/tools/bin/../lib/gcc/arm-none-eabi/9.3.1/thumb/v7-m/nofp\libgcc.a(_arm_muldivdf3.o)
                0x00000000080004f8                __aeabi_dmul
                0x00000000080004f8                __muldf3
                0x000000000800074c                __divdf3
                0x000000000800074c                __aeabi_ddiv
 .text          0x000000000800091c       0x40 c:/users/leo/eigene programme/stm32cubeide/stm32cubeide_1.4.0/stm32cubeide/plugins/com.st.stm32cube.ide.mcu.externaltools.gnu-tools-for-stm32.9-2020-q2-update.win32_2.0.0.202105311346/tools/bin/../lib/gcc/arm-none-eabi/9.3.1/thumb/v7-m/nofp\libgcc.a(_arm_fixunsdfsi.o)
                0x000000000800091c                __aeabi_d2uiz
                0x000000000800091c                __fixunsdfsi
 .text          0x000000000800095c      0x21c c:/users/leo/eigene programme/stm32cubeide/stm32cubeide_1.4.0/stm32cubeide/plugins/com.st.stm32cube.ide.mcu.externaltools.gnu-tools-for-stm32.9-2020-q2-update.win32_2.0.0.202105311346/tools/bin/../lib/gcc/arm-none-eabi/9.3.1/thumb/v7-m/nofp\libgcc.a(_arm_addsubsf3.o)
                0x000000000800095c                __aeabi_frsub
                0x0000000008000964                __subsf3
                0x0000000008000964                __aeabi_fsub
                0x0000000008000968                __aeabi_fadd
                0x0000000008000968                __addsf3
                0x0000000008000ac8                __aeabi_ui2f
                0x0000000008000ac8                __floatunsisf
                0x0000000008000ad0                __aeabi_i2f
                0x0000000008000ad0                __floatsisf
                0x0000000008000aec                __aeabi_ul2f
                0x0000000008000aec                __floatundisf
                0x0000000008000afc                __aeabi_l2f
                0x0000000008000afc                __floatdisf
 .text          0x0000000008000b78       0x30 c:/users/leo/eigene programme/stm32cubeide/stm32cubeide_1.4.0/stm32cubeide/plugins/com.st.stm32cube.ide.mcu.externaltools.gnu-tools-for-stm32.9-2020-q2-update.win32_2.0.0.202105311346/tools/bin/../lib/gcc/arm-none-eabi/9.3.1/thumb/v7-m/nofp\libgcc.a(_aeabi_uldivmod.o)
                0x0000000008000b78                __aeabi_uldivmod
 .text          0x0000000008000ba8      0x2c4 c:/users/leo/eigene programme/stm32cubeide/stm32cubeide_1.4.0/stm32cubeide/plugins/com.st.stm32cube.ide.mcu.externaltools.gnu-tools-for-stm32.9-2020-q2-update.win32_2.0.0.202105311346/tools/bin/../lib/gcc/arm-none-eabi/9.3.1/thumb/v7-m/nofp\libgcc.a(_udivmoddi4.o)
                0x0000000008000ba8                __udivmoddi4
 .text          0x0000000008000e6c        0x4 c:/users/leo/eigene programme/stm32cubeide/stm32cubeide_1.4.0/stm32cubeide/plugins/com.st.stm32cube.ide.mcu.externaltools.gnu-tools-for-stm32.9-2020-q2-update.win32_2.0.0.202105311346/tools/bin/../lib/gcc/arm-none-eabi/9.3.1/thumb/v7-m/nofp\libgcc.a(_dvmd_tls.o)
                0x0000000008000e6c                __aeabi_idiv0
                0x0000000008000e6c                __aeabi_ldiv0
 *(.text*)
 .text.main     0x0000000008000e70      0x44c ./Core/Src/main.o
                0x0000000008000e70                main
 .text.SystemClock_Config
                0x00000000080012bc       0x90 ./Core/Src/main.o
                0x00000000080012bc                SystemClock_Config
 .text.MX_I2C1_Init
                0x000000000800134c       0x5c ./Core/Src/main.o
 .text.MX_TIM2_Init
                0x00000000080013a8       0x98 ./Core/Src/main.o
 .text.MX_USART1_UART_Init
                0x0000000008001440       0x54 ./Core/Src/main.o
 .text.MX_GPIO_Init
                0x0000000008001494       0x84 ./Core/Src/main.o
 .text.HAL_GPIO_EXTI_Callback
                0x0000000008001518       0x88 ./Core/Src/main.o
                0x0000000008001518                HAL_GPIO_EXTI_Callback
 .text.HAL_TIM_PeriodElapsedCallback
                0x00000000080015a0      0x104 ./Core/Src/main.o
                0x00000000080015a0                HAL_TIM_PeriodElapsedCallback
 .text.Error_Handler
                0x00000000080016a4        0xa ./Core/Src/main.o
                0x00000000080016a4                Error_Handler
 .text.ssd1306_Reset
                0x00000000080016ae        0xc ./Core/Src/ssd1306.o
                0x00000000080016ae                ssd1306_Reset
 *fill*         0x00000000080016ba        0x2 
 .text.ssd1306_WriteCommand
                0x00000000080016bc       0x30 ./Core/Src/ssd1306.o
                0x00000000080016bc                ssd1306_WriteCommand
 .text.ssd1306_WriteData
                0x00000000080016ec       0x34 ./Core/Src/ssd1306.o
                0x00000000080016ec                ssd1306_WriteData
 .text.ssd1306_Init
                0x0000000008001720       0xd4 ./Core/Src/ssd1306.o
                0x0000000008001720                ssd1306_Init
 .text.ssd1306_Fill
                0x00000000080017f4       0x44 ./Core/Src/ssd1306.o
                0x00000000080017f4                ssd1306_Fill
 .text.ssd1306_UpdateScreen
                0x0000000008001838       0x50 ./Core/Src/ssd1306.o
                0x0000000008001838                ssd1306_UpdateScreen
 .text.ssd1306_DrawPixel
                0x0000000008001888       0xc0 ./Core/Src/ssd1306.o
                0x0000000008001888                ssd1306_DrawPixel
 .text.ssd1306_WriteChar
                0x0000000008001948      0x110 ./Core/Src/ssd1306.o
                0x0000000008001948                ssd1306_WriteChar
 .text.ssd1306_WriteString
                0x0000000008001a58       0x4c ./Core/Src/ssd1306.o
                0x0000000008001a58                ssd1306_WriteString
 .text.ssd1306_SetCursor
                0x0000000008001aa4       0x30 ./Core/Src/ssd1306.o
                0x0000000008001aa4                ssd1306_SetCursor
 .text.ssd1306_SetContrast
                0x0000000008001ad4       0x26 ./Core/Src/ssd1306.o
                0x0000000008001ad4                ssd1306_SetContrast
 *fill*         0x0000000008001afa        0x2 
 .text.ssd1306_SetDisplayOn
                0x0000000008001afc       0x3c ./Core/Src/ssd1306.o
                0x0000000008001afc                ssd1306_SetDisplayOn
 .text.HAL_MspInit
                0x0000000008001b38       0x5c ./Core/Src/stm32l1xx_hal_msp.o
                0x0000000008001b38                HAL_MspInit
 .text.HAL_I2C_MspInit
                0x0000000008001b94       0x88 ./Core/Src/stm32l1xx_hal_msp.o
                0x0000000008001b94                HAL_I2C_MspInit
 .text.HAL_TIM_Base_MspInit
                0x0000000008001c1c       0x48 ./Core/Src/stm32l1xx_hal_msp.o
                0x0000000008001c1c                HAL_TIM_Base_MspInit
 .text.HAL_UART_MspInit
                0x0000000008001c64       0x88 ./Core/Src/stm32l1xx_hal_msp.o
                0x0000000008001c64                HAL_UART_MspInit
 .text.NMI_Handler
                0x0000000008001cec        0x6 ./Core/Src/stm32l1xx_it.o
                0x0000000008001cec                NMI_Handler
 .text.HardFault_Handler
                0x0000000008001cf2        0x6 ./Core/Src/stm32l1xx_it.o
                0x0000000008001cf2                HardFault_Handler
 .text.MemManage_Handler
                0x0000000008001cf8        0x6 ./Core/Src/stm32l1xx_it.o
                0x0000000008001cf8                MemManage_Handler
 .text.BusFault_Handler
                0x0000000008001cfe        0x6 ./Core/Src/stm32l1xx_it.o
                0x0000000008001cfe                BusFault_Handler
 .text.UsageFault_Handler
                0x0000000008001d04        0x6 ./Core/Src/stm32l1xx_it.o
                0x0000000008001d04                UsageFault_Handler
 .text.SVC_Handler
                0x0000000008001d0a        0xc ./Core/Src/stm32l1xx_it.o
                0x0000000008001d0a                SVC_Handler
 .text.DebugMon_Handler
                0x0000000008001d16        0xc ./Core/Src/stm32l1xx_it.o
                0x0000000008001d16                DebugMon_Handler
 .text.PendSV_Handler
                0x0000000008001d22        0xc ./Core/Src/stm32l1xx_it.o
                0x0000000008001d22                PendSV_Handler
 .text.SysTick_Handler
                0x0000000008001d2e        0xc ./Core/Src/stm32l1xx_it.o
                0x0000000008001d2e                SysTick_Handler
 *fill*         0x0000000008001d3a        0x2 
 .text.TIM2_IRQHandler
                0x0000000008001d3c       0x14 ./Core/Src/stm32l1xx_it.o
                0x0000000008001d3c                TIM2_IRQHandler
 .text.EXTI15_10_IRQHandler
                0x0000000008001d50       0x28 ./Core/Src/stm32l1xx_it.o
                0x0000000008001d50                EXTI15_10_IRQHandler
 .text._sbrk    0x0000000008001d78       0x6c ./Core/Src/sysmem.o
                0x0000000008001d78                _sbrk
 .text.SystemInit
                0x0000000008001de4        0xc ./Core/Src/system_stm32l1xx.o
                0x0000000008001de4                SystemInit
 .text.Reset_Handler
                0x0000000008001df0       0x48 ./Core/Startup/startup_stm32l151rctx.o
                0x0000000008001df0                Reset_Handler
 .text.Default_Handler
                0x0000000008001e38        0x2 ./Core/Startup/startup_stm32l151rctx.o
                0x0000000008001e38                RTC_Alarm_IRQHandler
                0x0000000008001e38                EXTI2_IRQHandler
                0x0000000008001e38                COMP_ACQ_IRQHandler
                0x0000000008001e38                TIM10_IRQHandler
                0x0000000008001e38                USB_HP_IRQHandler
                0x0000000008001e38                TIM6_IRQHandler
                0x0000000008001e38                PVD_IRQHandler
                0x0000000008001e38                EXTI3_IRQHandler
                0x0000000008001e38                EXTI0_IRQHandler
                0x0000000008001e38                I2C2_EV_IRQHandler
                0x0000000008001e38                SPI1_IRQHandler
                0x0000000008001e38                USB_FS_WKUP_IRQHandler
                0x0000000008001e38                DMA2_Channel2_IRQHandler
                0x0000000008001e38                DMA1_Channel4_IRQHandler
                0x0000000008001e38                ADC1_IRQHandler
                0x0000000008001e38                USART3_IRQHandler
                0x0000000008001e38                DMA1_Channel7_IRQHandler
                0x0000000008001e38                TIM4_IRQHandler
                0x0000000008001e38                DMA2_Channel1_IRQHandler
                0x0000000008001e38                I2C1_EV_IRQHandler
                0x0000000008001e38                DMA1_Channel6_IRQHandler
                0x0000000008001e38                DMA2_Channel4_IRQHandler
                0x0000000008001e38                TIM3_IRQHandler
                0x0000000008001e38                RCC_IRQHandler
                0x0000000008001e38                DMA1_Channel1_IRQHandler
                0x0000000008001e38                Default_Handler
                0x0000000008001e38                TIM7_IRQHandler
                0x0000000008001e38                TIM5_IRQHandler
                0x0000000008001e38                EXTI9_5_IRQHandler
                0x0000000008001e38                TIM9_IRQHandler
                0x0000000008001e38                TAMPER_STAMP_IRQHandler
                0x0000000008001e38                RTC_WKUP_IRQHandler
                0x0000000008001e38                SPI2_IRQHandler
                0x0000000008001e38                DMA2_Channel5_IRQHandler
                0x0000000008001e38                DMA1_Channel5_IRQHandler
                0x0000000008001e38                USB_LP_IRQHandler
                0x0000000008001e38                EXTI4_IRQHandler
                0x0000000008001e38                DMA1_Channel3_IRQHandler
                0x0000000008001e38                COMP_IRQHandler
                0x0000000008001e38                WWDG_IRQHandler
                0x0000000008001e38                DAC_IRQHandler
                0x0000000008001e38                EXTI1_IRQHandler
                0x0000000008001e38                TIM11_IRQHandler
                0x0000000008001e38                USART2_IRQHandler
                0x0000000008001e38                I2C2_ER_IRQHandler
                0x0000000008001e38                DMA1_Channel2_IRQHandler
                0x0000000008001e38                FLASH_IRQHandler
                0x0000000008001e38                USART1_IRQHandler
                0x0000000008001e38                SPI3_IRQHandler
                0x0000000008001e38                I2C1_ER_IRQHandler
                0x0000000008001e38                DMA2_Channel3_IRQHandler
 .text.HAL_Init
                0x0000000008001e3a       0x30 ./Drivers/STM32L1xx_HAL_Driver/Src/stm32l1xx_hal.o
                0x0000000008001e3a                HAL_Init
 *fill*         0x0000000008001e6a        0x2 
 .text.HAL_InitTick
                0x0000000008001e6c       0x74 ./Drivers/STM32L1xx_HAL_Driver/Src/stm32l1xx_hal.o
                0x0000000008001e6c                HAL_InitTick
 .text.HAL_IncTick
                0x0000000008001ee0       0x24 ./Drivers/STM32L1xx_HAL_Driver/Src/stm32l1xx_hal.o
                0x0000000008001ee0                HAL_IncTick
 .text.HAL_GetTick
                0x0000000008001f04       0x14 ./Drivers/STM32L1xx_HAL_Driver/Src/stm32l1xx_hal.o
                0x0000000008001f04                HAL_GetTick
 .text.HAL_Delay
                0x0000000008001f18       0x44 ./Drivers/STM32L1xx_HAL_Driver/Src/stm32l1xx_hal.o
                0x0000000008001f18                HAL_Delay
 .text.__NVIC_SetPriorityGrouping
                0x0000000008001f5c       0x48 ./Drivers/STM32L1xx_HAL_Driver/Src/stm32l1xx_hal_cortex.o
 .text.__NVIC_GetPriorityGrouping
                0x0000000008001fa4       0x1c ./Drivers/STM32L1xx_HAL_Driver/Src/stm32l1xx_hal_cortex.o
 .text.__NVIC_EnableIRQ
                0x0000000008001fc0       0x38 ./Drivers/STM32L1xx_HAL_Driver/Src/stm32l1xx_hal_cortex.o
 .text.__NVIC_SetPriority
                0x0000000008001ff8       0x54 ./Drivers/STM32L1xx_HAL_Driver/Src/stm32l1xx_hal_cortex.o
 .text.NVIC_EncodePriority
                0x000000000800204c       0x64 ./Drivers/STM32L1xx_HAL_Driver/Src/stm32l1xx_hal_cortex.o
 .text.SysTick_Config
                0x00000000080020b0       0x44 ./Drivers/STM32L1xx_HAL_Driver/Src/stm32l1xx_hal_cortex.o
 .text.HAL_NVIC_SetPriorityGrouping
                0x00000000080020f4       0x16 ./Drivers/STM32L1xx_HAL_Driver/Src/stm32l1xx_hal_cortex.o
                0x00000000080020f4                HAL_NVIC_SetPriorityGrouping
 .text.HAL_NVIC_SetPriority
                0x000000000800210a       0x38 ./Drivers/STM32L1xx_HAL_Driver/Src/stm32l1xx_hal_cortex.o
                0x000000000800210a                HAL_NVIC_SetPriority
 .text.HAL_NVIC_EnableIRQ
                0x0000000008002142       0x1c ./Drivers/STM32L1xx_HAL_Driver/Src/stm32l1xx_hal_cortex.o
                0x0000000008002142                HAL_NVIC_EnableIRQ
 .text.HAL_SYSTICK_Config
                0x000000000800215e       0x18 ./Drivers/STM32L1xx_HAL_Driver/Src/stm32l1xx_hal_cortex.o
                0x000000000800215e                HAL_SYSTICK_Config
 *fill*         0x0000000008002176        0x2 
 .text.HAL_GPIO_Init
                0x0000000008002178      0x300 ./Drivers/STM32L1xx_HAL_Driver/Src/stm32l1xx_hal_gpio.o
                0x0000000008002178                HAL_GPIO_Init
 .text.HAL_GPIO_ReadPin
                0x0000000008002478       0x2e ./Drivers/STM32L1xx_HAL_Driver/Src/stm32l1xx_hal_gpio.o
                0x0000000008002478                HAL_GPIO_ReadPin
 *fill*         0x00000000080024a6        0x2 
 .text.HAL_GPIO_EXTI_IRQHandler
                0x00000000080024a8       0x30 ./Drivers/STM32L1xx_HAL_Driver/Src/stm32l1xx_hal_gpio.o
                0x00000000080024a8                HAL_GPIO_EXTI_IRQHandler
 .text.HAL_I2C_Init
                0x00000000080024d8      0x288 ./Drivers/STM32L1xx_HAL_Driver/Src/stm32l1xx_hal_i2c.o
                0x00000000080024d8                HAL_I2C_Init
 .text.HAL_I2C_Mem_Write
                0x0000000008002760      0x1f4 ./Drivers/STM32L1xx_HAL_Driver/Src/stm32l1xx_hal_i2c.o
                0x0000000008002760                HAL_I2C_Mem_Write
 .text.HAL_I2C_Mem_Read
                0x0000000008002954      0x44c ./Drivers/STM32L1xx_HAL_Driver/Src/stm32l1xx_hal_i2c.o
                0x0000000008002954                HAL_I2C_Mem_Read
 .text.I2C_RequestMemoryWrite
                0x0000000008002da0      0x12c ./Drivers/STM32L1xx_HAL_Driver/Src/stm32l1xx_hal_i2c.o
 .text.I2C_RequestMemoryRead
                0x0000000008002ecc      0x1d0 ./Drivers/STM32L1xx_HAL_Driver/Src/stm32l1xx_hal_i2c.o
 .text.I2C_WaitOnFlagUntilTimeout
                0x000000000800309c       0xae ./Drivers/STM32L1xx_HAL_Driver/Src/stm32l1xx_hal_i2c.o
 .text.I2C_WaitOnMasterAddressFlagUntilTimeout
                0x000000000800314a       0xfe ./Drivers/STM32L1xx_HAL_Driver/Src/stm32l1xx_hal_i2c.o
 .text.I2C_WaitOnTXEFlagUntilTimeout
                0x0000000008003248       0x82 ./Drivers/STM32L1xx_HAL_Driver/Src/stm32l1xx_hal_i2c.o
 .text.I2C_WaitOnBTFFlagUntilTimeout
                0x00000000080032ca       0x82 ./Drivers/STM32L1xx_HAL_Driver/Src/stm32l1xx_hal_i2c.o
 .text.I2C_WaitOnRXNEFlagUntilTimeout
                0x000000000800334c       0xac ./Drivers/STM32L1xx_HAL_Driver/Src/stm32l1xx_hal_i2c.o
 .text.I2C_IsAcknowledgeFailed
                0x00000000080033f8       0x5c ./Drivers/STM32L1xx_HAL_Driver/Src/stm32l1xx_hal_i2c.o
 .text.HAL_RCC_OscConfig
                0x0000000008003454      0x660 ./Drivers/STM32L1xx_HAL_Driver/Src/stm32l1xx_hal_rcc.o
                0x0000000008003454                HAL_RCC_OscConfig
 .text.HAL_RCC_ClockConfig
                0x0000000008003ab4      0x268 ./Drivers/STM32L1xx_HAL_Driver/Src/stm32l1xx_hal_rcc.o
                0x0000000008003ab4                HAL_RCC_ClockConfig
 .text.HAL_RCC_GetSysClockFreq
                0x0000000008003d1c      0x14c ./Drivers/STM32L1xx_HAL_Driver/Src/stm32l1xx_hal_rcc.o
                0x0000000008003d1c                HAL_RCC_GetSysClockFreq
 .text.HAL_RCC_GetHCLKFreq
                0x0000000008003e68       0x14 ./Drivers/STM32L1xx_HAL_Driver/Src/stm32l1xx_hal_rcc.o
                0x0000000008003e68                HAL_RCC_GetHCLKFreq
 .text.HAL_RCC_GetPCLK1Freq
                0x0000000008003e7c       0x28 ./Drivers/STM32L1xx_HAL_Driver/Src/stm32l1xx_hal_rcc.o
                0x0000000008003e7c                HAL_RCC_GetPCLK1Freq
 .text.HAL_RCC_GetPCLK2Freq
                0x0000000008003ea4       0x28 ./Drivers/STM32L1xx_HAL_Driver/Src/stm32l1xx_hal_rcc.o
                0x0000000008003ea4                HAL_RCC_GetPCLK2Freq
 .text.RCC_SetFlashLatencyFromMSIRange
                0x0000000008003ecc       0xc0 ./Drivers/STM32L1xx_HAL_Driver/Src/stm32l1xx_hal_rcc.o
 .text.HAL_TIM_Base_Init
                0x0000000008003f8c       0x7e ./Drivers/STM32L1xx_HAL_Driver/Src/stm32l1xx_hal_tim.o
                0x0000000008003f8c                HAL_TIM_Base_Init
 *fill*         0x000000000800400a        0x2 
 .text.HAL_TIM_Base_Start_IT
                0x000000000800400c       0xa4 ./Drivers/STM32L1xx_HAL_Driver/Src/stm32l1xx_hal_tim.o
                0x000000000800400c                HAL_TIM_Base_Start_IT
 .text.HAL_TIM_Base_Stop_IT
                0x00000000080040b0       0x4c ./Drivers/STM32L1xx_HAL_Driver/Src/stm32l1xx_hal_tim.o
                0x00000000080040b0                HAL_TIM_Base_Stop_IT
 .text.HAL_TIM_IRQHandler
                0x00000000080040fc      0x1b8 ./Drivers/STM32L1xx_HAL_Driver/Src/stm32l1xx_hal_tim.o
                0x00000000080040fc                HAL_TIM_IRQHandler
 .text.HAL_TIM_ConfigClockSource
                0x00000000080042b4      0x188 ./Drivers/STM32L1xx_HAL_Driver/Src/stm32l1xx_hal_tim.o
                0x00000000080042b4                HAL_TIM_ConfigClockSource
 .text.HAL_TIM_OC_DelayElapsedCallback
                0x000000000800443c       0x12 ./Drivers/STM32L1xx_HAL_Driver/Src/stm32l1xx_hal_tim.o
                0x000000000800443c                HAL_TIM_OC_DelayElapsedCallback
 .text.HAL_TIM_IC_CaptureCallback
                0x000000000800444e       0x12 ./Drivers/STM32L1xx_HAL_Driver/Src/stm32l1xx_hal_tim.o
                0x000000000800444e                HAL_TIM_IC_CaptureCallback
 .text.HAL_TIM_PWM_PulseFinishedCallback
                0x0000000008004460       0x12 ./Drivers/STM32L1xx_HAL_Driver/Src/stm32l1xx_hal_tim.o
                0x0000000008004460                HAL_TIM_PWM_PulseFinishedCallback
 .text.HAL_TIM_TriggerCallback
                0x0000000008004472       0x12 ./Drivers/STM32L1xx_HAL_Driver/Src/stm32l1xx_hal_tim.o
                0x0000000008004472                HAL_TIM_TriggerCallback
 .text.TIM_Base_SetConfig
                0x0000000008004484       0xe0 ./Drivers/STM32L1xx_HAL_Driver/Src/stm32l1xx_hal_tim.o
 .text.TIM_TI1_ConfigInputStage
                0x0000000008004564       0x5c ./Drivers/STM32L1xx_HAL_Driver/Src/stm32l1xx_hal_tim.o
 .text.TIM_TI2_ConfigInputStage
                0x00000000080045c0       0x5e ./Drivers/STM32L1xx_HAL_Driver/Src/stm32l1xx_hal_tim.o
 .text.TIM_ITRx_SetConfig
                0x000000000800461e       0x34 ./Drivers/STM32L1xx_HAL_Driver/Src/stm32l1xx_hal_tim.o
 .text.TIM_ETR_SetConfig
                0x0000000008004652       0x3e ./Drivers/STM32L1xx_HAL_Driver/Src/stm32l1xx_hal_tim.o
 .text.HAL_TIMEx_MasterConfigSynchronization
                0x0000000008004690       0xbc ./Drivers/STM32L1xx_HAL_Driver/Src/stm32l1xx_hal_tim_ex.o
                0x0000000008004690                HAL_TIMEx_MasterConfigSynchronization
 .text.HAL_UART_Init
                0x000000000800474c       0x9a ./Drivers/STM32L1xx_HAL_Driver/Src/stm32l1xx_hal_uart.o
                0x000000000800474c                HAL_UART_Init
 *fill*         0x00000000080047e6        0x2 
 .text.UART_SetConfig
                0x00000000080047e8      0x1c8 ./Drivers/STM32L1xx_HAL_Driver/Src/stm32l1xx_hal_uart.o
 .text.__errno  0x00000000080049b0        0xc c:/users/leo/eigene programme/stm32cubeide/stm32cubeide_1.4.0/stm32cubeide/plugins/com.st.stm32cube.ide.mcu.externaltools.gnu-tools-for-stm32.9-2020-q2-update.win32_2.0.0.202105311346/tools/bin/../lib/gcc/arm-none-eabi/9.3.1/../../../../arm-none-eabi/lib/thumb/v7-m/nofp\libc_nano.a(lib_a-errno.o)
                0x00000000080049b0                __errno
 .text.__libc_init_array
                0x00000000080049bc       0x48 c:/users/leo/eigene programme/stm32cubeide/stm32cubeide_1.4.0/stm32cubeide/plugins/com.st.stm32cube.ide.mcu.externaltools.gnu-tools-for-stm32.9-2020-q2-update.win32_2.0.0.202105311346/tools/bin/../lib/gcc/arm-none-eabi/9.3.1/../../../../arm-none-eabi/lib/thumb/v7-m/nofp\libc_nano.a(lib_a-init.o)
                0x00000000080049bc                __libc_init_array
 .text.memcpy   0x0000000008004a04       0x1c c:/users/leo/eigene programme/stm32cubeide/stm32cubeide_1.4.0/stm32cubeide/plugins/com.st.stm32cube.ide.mcu.externaltools.gnu-tools-for-stm32.9-2020-q2-update.win32_2.0.0.202105311346/tools/bin/../lib/gcc/arm-none-eabi/9.3.1/../../../../arm-none-eabi/lib/thumb/v7-m/nofp\libc_nano.a(lib_a-memcpy-stub.o)
                0x0000000008004a04                memcpy
 .text.memmove  0x0000000008004a20       0x34 c:/users/leo/eigene programme/stm32cubeide/stm32cubeide_1.4.0/stm32cubeide/plugins/com.st.stm32cube.ide.mcu.externaltools.gnu-tools-for-stm32.9-2020-q2-update.win32_2.0.0.202105311346/tools/bin/../lib/gcc/arm-none-eabi/9.3.1/../../../../arm-none-eabi/lib/thumb/v7-m/nofp\libc_nano.a(lib_a-memmove.o)
                0x0000000008004a20                memmove
 .text.memset   0x0000000008004a54       0x10 c:/users/leo/eigene programme/stm32cubeide/stm32cubeide_1.4.0/stm32cubeide/plugins/com.st.stm32cube.ide.mcu.externaltools.gnu-tools-for-stm32.9-2020-q2-update.win32_2.0.0.202105311346/tools/bin/../lib/gcc/arm-none-eabi/9.3.1/../../../../arm-none-eabi/lib/thumb/v7-m/nofp\libc_nano.a(lib_a-memset.o)
                0x0000000008004a54                memset
 .text.sprintf  0x0000000008004a64       0x40 c:/users/leo/eigene programme/stm32cubeide/stm32cubeide_1.4.0/stm32cubeide/plugins/com.st.stm32cube.ide.mcu.externaltools.gnu-tools-for-stm32.9-2020-q2-update.win32_2.0.0.202105311346/tools/bin/../lib/gcc/arm-none-eabi/9.3.1/../../../../arm-none-eabi/lib/thumb/v7-m/nofp\libc_nano.a(lib_a-sprintf.o)
                0x0000000008004a64                siprintf
                0x0000000008004a64                sprintf
 .text.__ssputs_r
                0x0000000008004aa4       0xb6 c:/users/leo/eigene programme/stm32cubeide/stm32cubeide_1.4.0/stm32cubeide/plugins/com.st.stm32cube.ide.mcu.externaltools.gnu-tools-for-stm32.9-2020-q2-update.win32_2.0.0.202105311346/tools/bin/../lib/gcc/arm-none-eabi/9.3.1/../../../../arm-none-eabi/lib/thumb/v7-m/nofp\libc_nano.a(lib_a-nano-svfprintf.o)
                0x0000000008004aa4                __ssputs_r
 *fill*         0x0000000008004b5a        0x2 
 .text._svfprintf_r
                0x0000000008004b5c      0x200 c:/users/leo/eigene programme/stm32cubeide/stm32cubeide_1.4.0/stm32cubeide/plugins/com.st.stm32cube.ide.mcu.externaltools.gnu-tools-for-stm32.9-2020-q2-update.win32_2.0.0.202105311346/tools/bin/../lib/gcc/arm-none-eabi/9.3.1/../../../../arm-none-eabi/lib/thumb/v7-m/nofp\libc_nano.a(lib_a-nano-svfprintf.o)
                0x0000000008004b5c                _svfiprintf_r
                0x0000000008004b5c                _svfprintf_r
 .text._printf_common
                0x0000000008004d5c       0xde c:/users/leo/eigene programme/stm32cubeide/stm32cubeide_1.4.0/stm32cubeide/plugins/com.st.stm32cube.ide.mcu.externaltools.gnu-tools-for-stm32.9-2020-q2-update.win32_2.0.0.202105311346/tools/bin/../lib/gcc/arm-none-eabi/9.3.1/../../../../arm-none-eabi/lib/thumb/v7-m/nofp\libc_nano.a(lib_a-nano-vfprintf_i.o)
                0x0000000008004d5c                _printf_common
 *fill*         0x0000000008004e3a        0x2 
 .text._printf_i
                0x0000000008004e3c      0x24c c:/users/leo/eigene programme/stm32cubeide/stm32cubeide_1.4.0/stm32cubeide/plugins/com.st.stm32cube.ide.mcu.externaltools.gnu-tools-for-stm32.9-2020-q2-update.win32_2.0.0.202105311346/tools/bin/../lib/gcc/arm-none-eabi/9.3.1/../../../../arm-none-eabi/lib/thumb/v7-m/nofp\libc_nano.a(lib_a-nano-vfprintf_i.o)
                0x0000000008004e3c                _printf_i
 .text.memchr   0x0000000008005088       0x1c c:/users/leo/eigene programme/stm32cubeide/stm32cubeide_1.4.0/stm32cubeide/plugins/com.st.stm32cube.ide.mcu.externaltools.gnu-tools-for-stm32.9-2020-q2-update.win32_2.0.0.202105311346/tools/bin/../lib/gcc/arm-none-eabi/9.3.1/../../../../arm-none-eabi/lib/thumb/v7-m/nofp\libc_nano.a(lib_a-memchr-stub.o)
                0x0000000008005088                memchr
 .text._free_r  0x00000000080050a4       0x98 c:/users/leo/eigene programme/stm32cubeide/stm32cubeide_1.4.0/stm32cubeide/plugins/com.st.stm32cube.ide.mcu.externaltools.gnu-tools-for-stm32.9-2020-q2-update.win32_2.0.0.202105311346/tools/bin/../lib/gcc/arm-none-eabi/9.3.1/../../../../arm-none-eabi/lib/thumb/v7-m/nofp\libc_nano.a(lib_a-nano-freer.o)
                0x00000000080050a4                _free_r
 .text._malloc_r
                0x000000000800513c       0xb4 c:/users/leo/eigene programme/stm32cubeide/stm32cubeide_1.4.0/stm32cubeide/plugins/com.st.stm32cube.ide.mcu.externaltools.gnu-tools-for-stm32.9-2020-q2-update.win32_2.0.0.202105311346/tools/bin/../lib/gcc/arm-none-eabi/9.3.1/../../../../arm-none-eabi/lib/thumb/v7-m/nofp\libc_nano.a(lib_a-nano-mallocr.o)
                0x000000000800513c                _malloc_r
 .text._realloc_r
                0x00000000080051f0       0x4c c:/users/leo/eigene programme/stm32cubeide/stm32cubeide_1.4.0/stm32cubeide/plugins/com.st.stm32cube.ide.mcu.externaltools.gnu-tools-for-stm32.9-2020-q2-update.win32_2.0.0.202105311346/tools/bin/../lib/gcc/arm-none-eabi/9.3.1/../../../../arm-none-eabi/lib/thumb/v7-m/nofp\libc_nano.a(lib_a-nano-reallocr.o)
                0x00000000080051f0                _realloc_r
 .text._sbrk_r  0x000000000800523c       0x20 c:/users/leo/eigene programme/stm32cubeide/stm32cubeide_1.4.0/stm32cubeide/plugins/com.st.stm32cube.ide.mcu.externaltools.gnu-tools-for-stm32.9-2020-q2-update.win32_2.0.0.202105311346/tools/bin/../lib/gcc/arm-none-eabi/9.3.1/../../../../arm-none-eabi/lib/thumb/v7-m/nofp\libc_nano.a(lib_a-sbrkr.o)
                0x000000000800523c                _sbrk_r
 .text.__malloc_lock
                0x000000000800525c        0xc c:/users/leo/eigene programme/stm32cubeide/stm32cubeide_1.4.0/stm32cubeide/plugins/com.st.stm32cube.ide.mcu.externaltools.gnu-tools-for-stm32.9-2020-q2-update.win32_2.0.0.202105311346/tools/bin/../lib/gcc/arm-none-eabi/9.3.1/../../../../arm-none-eabi/lib/thumb/v7-m/nofp\libc_nano.a(lib_a-mlock.o)
                0x000000000800525c                __malloc_lock
 .text.__malloc_unlock
                0x0000000008005268        0xc c:/users/leo/eigene programme/stm32cubeide/stm32cubeide_1.4.0/stm32cubeide/plugins/com.st.stm32cube.ide.mcu.externaltools.gnu-tools-for-stm32.9-2020-q2-update.win32_2.0.0.202105311346/tools/bin/../lib/gcc/arm-none-eabi/9.3.1/../../../../arm-none-eabi/lib/thumb/v7-m/nofp\libc_nano.a(lib_a-mlock.o)
                0x0000000008005268                __malloc_unlock
 .text._malloc_usable_size_r
                0x0000000008005274       0x10 c:/users/leo/eigene programme/stm32cubeide/stm32cubeide_1.4.0/stm32cubeide/plugins/com.st.stm32cube.ide.mcu.externaltools.gnu-tools-for-stm32.9-2020-q2-update.win32_2.0.0.202105311346/tools/bin/../lib/gcc/arm-none-eabi/9.3.1/../../../../arm-none-eabi/lib/thumb/v7-m/nofp\libc_nano.a(lib_a-nano-msizer.o)
                0x0000000008005274                _malloc_usable_size_r
 .text.__retarget_lock_acquire_recursive
                0x0000000008005284        0x2 c:/users/leo/eigene programme/stm32cubeide/stm32cubeide_1.4.0/stm32cubeide/plugins/com.st.stm32cube.ide.mcu.externaltools.gnu-tools-for-stm32.9-2020-q2-update.win32_2.0.0.202105311346/tools/bin/../lib/gcc/arm-none-eabi/9.3.1/../../../../arm-none-eabi/lib/thumb/v7-m/nofp\libc_nano.a(lib_a-lock.o)
                0x0000000008005284                __retarget_lock_acquire_recursive
 .text.__retarget_lock_release_recursive
                0x0000000008005286        0x2 c:/users/leo/eigene programme/stm32cubeide/stm32cubeide_1.4.0/stm32cubeide/plugins/com.st.stm32cube.ide.mcu.externaltools.gnu-tools-for-stm32.9-2020-q2-update.win32_2.0.0.202105311346/tools/bin/../lib/gcc/arm-none-eabi/9.3.1/../../../../arm-none-eabi/lib/thumb/v7-m/nofp\libc_nano.a(lib_a-lock.o)
                0x0000000008005286                __retarget_lock_release_recursive
 *(.glue_7)
 .glue_7        0x0000000008005288        0x0 linker stubs
 *(.glue_7t)
 .glue_7t       0x0000000008005288        0x0 linker stubs
 *(.eh_frame)
 .eh_frame      0x0000000008005288        0x0 c:/users/leo/eigene programme/stm32cubeide/stm32cubeide_1.4.0/stm32cubeide/plugins/com.st.stm32cube.ide.mcu.externaltools.gnu-tools-for-stm32.9-2020-q2-update.win32_2.0.0.202105311346/tools/bin/../lib/gcc/arm-none-eabi/9.3.1/thumb/v7-m/nofp/crtbegin.o
 *(.init)
 .init          0x0000000008005288        0x4 c:/users/leo/eigene programme/stm32cubeide/stm32cubeide_1.4.0/stm32cubeide/plugins/com.st.stm32cube.ide.mcu.externaltools.gnu-tools-for-stm32.9-2020-q2-update.win32_2.0.0.202105311346/tools/bin/../lib/gcc/arm-none-eabi/9.3.1/thumb/v7-m/nofp/crti.o
                0x0000000008005288                _init
 .init          0x000000000800528c        0x8 c:/users/leo/eigene programme/stm32cubeide/stm32cubeide_1.4.0/stm32cubeide/plugins/com.st.stm32cube.ide.mcu.externaltools.gnu-tools-for-stm32.9-2020-q2-update.win32_2.0.0.202105311346/tools/bin/../lib/gcc/arm-none-eabi/9.3.1/thumb/v7-m/nofp/crtn.o
 *(.fini)
 .fini          0x0000000008005294        0x4 c:/users/leo/eigene programme/stm32cubeide/stm32cubeide_1.4.0/stm32cubeide/plugins/com.st.stm32cube.ide.mcu.externaltools.gnu-tools-for-stm32.9-2020-q2-update.win32_2.0.0.202105311346/tools/bin/../lib/gcc/arm-none-eabi/9.3.1/thumb/v7-m/nofp/crti.o
                0x0000000008005294                _fini
 .fini          0x0000000008005298        0x8 c:/users/leo/eigene programme/stm32cubeide/stm32cubeide_1.4.0/stm32cubeide/plugins/com.st.stm32cube.ide.mcu.externaltools.gnu-tools-for-stm32.9-2020-q2-update.win32_2.0.0.202105311346/tools/bin/../lib/gcc/arm-none-eabi/9.3.1/thumb/v7-m/nofp/crtn.o
                0x00000000080052a0                . = ALIGN (0x4)
                0x00000000080052a0                _etext = .

.vfp11_veneer   0x00000000080052a0        0x0
 .vfp11_veneer  0x00000000080052a0        0x0 linker stubs

.v4_bx          0x00000000080052a0        0x0
 .v4_bx         0x00000000080052a0        0x0 linker stubs

.iplt           0x00000000080052a0        0x0
 .iplt          0x00000000080052a0        0x0 c:/users/leo/eigene programme/stm32cubeide/stm32cubeide_1.4.0/stm32cubeide/plugins/com.st.stm32cube.ide.mcu.externaltools.gnu-tools-for-stm32.9-2020-q2-update.win32_2.0.0.202105311346/tools/bin/../lib/gcc/arm-none-eabi/9.3.1/thumb/v7-m/nofp/crtbegin.o

.rodata         0x00000000080052a0     0x13f4
                0x00000000080052a0                . = ALIGN (0x4)
 *(.rodata)
 .rodata        0x00000000080052a0       0x4e ./Core/Src/main.o
 *(.rodata*)
 *fill*         0x00000000080052ee        0x2 
 .rodata.Font16x26
                0x00000000080052f0     0x134c ./Core/Src/ssd1306_fonts.o
 .rodata.PLLMulTable
                0x000000000800663c        0x9 ./Core/Src/system_stm32l1xx.o
                0x000000000800663c                PLLMulTable
 *fill*         0x0000000008006645        0x3 
 .rodata.AHBPrescTable
                0x0000000008006648       0x10 ./Core/Src/system_stm32l1xx.o
                0x0000000008006648                AHBPrescTable
 .rodata.APBPrescTable
                0x0000000008006658        0x8 ./Core/Src/system_stm32l1xx.o
                0x0000000008006658                APBPrescTable
 .rodata._svfprintf_r.str1.1
                0x0000000008006660       0x11 c:/users/leo/eigene programme/stm32cubeide/stm32cubeide_1.4.0/stm32cubeide/plugins/com.st.stm32cube.ide.mcu.externaltools.gnu-tools-for-stm32.9-2020-q2-update.win32_2.0.0.202105311346/tools/bin/../lib/gcc/arm-none-eabi/9.3.1/../../../../arm-none-eabi/lib/thumb/v7-m/nofp\libc_nano.a(lib_a-nano-svfprintf.o)
 .rodata._printf_i.str1.1
                0x0000000008006671       0x22 c:/users/leo/eigene programme/stm32cubeide/stm32cubeide_1.4.0/stm32cubeide/plugins/com.st.stm32cube.ide.mcu.externaltools.gnu-tools-for-stm32.9-2020-q2-update.win32_2.0.0.202105311346/tools/bin/../lib/gcc/arm-none-eabi/9.3.1/../../../../arm-none-eabi/lib/thumb/v7-m/nofp\libc_nano.a(lib_a-nano-vfprintf_i.o)
                0x0000000008006694                . = ALIGN (0x4)
 *fill*         0x0000000008006693        0x1 

.ARM.extab      0x0000000008006694        0x0
                0x0000000008006694                . = ALIGN (0x4)
 *(.ARM.extab* .gnu.linkonce.armextab.*)
                0x0000000008006694                . = ALIGN (0x4)

.ARM            0x0000000008006694        0x8
                0x0000000008006694                . = ALIGN (0x4)
                0x0000000008006694                __exidx_start = .
 *(.ARM.exidx*)
 .ARM.exidx     0x0000000008006694        0x8 c:/users/leo/eigene programme/stm32cubeide/stm32cubeide_1.4.0/stm32cubeide/plugins/com.st.stm32cube.ide.mcu.externaltools.gnu-tools-for-stm32.9-2020-q2-update.win32_2.0.0.202105311346/tools/bin/../lib/gcc/arm-none-eabi/9.3.1/thumb/v7-m/nofp\libgcc.a(_udivmoddi4.o)
                0x000000000800669c                __exidx_end = .
                0x000000000800669c                . = ALIGN (0x4)

.rel.dyn        0x000000000800669c        0x0
 .rel.iplt      0x000000000800669c        0x0 c:/users/leo/eigene programme/stm32cubeide/stm32cubeide_1.4.0/stm32cubeide/plugins/com.st.stm32cube.ide.mcu.externaltools.gnu-tools-for-stm32.9-2020-q2-update.win32_2.0.0.202105311346/tools/bin/../lib/gcc/arm-none-eabi/9.3.1/thumb/v7-m/nofp/crtbegin.o

.preinit_array  0x000000000800669c        0x0
                0x000000000800669c                . = ALIGN (0x4)
                0x000000000800669c                PROVIDE (__preinit_array_start = .)
 *(.preinit_array*)
                0x000000000800669c                PROVIDE (__preinit_array_end = .)
                0x000000000800669c                . = ALIGN (0x4)

.init_array     0x000000000800669c        0x4
                0x000000000800669c                . = ALIGN (0x4)
                0x000000000800669c                PROVIDE (__init_array_start = .)
 *(SORT_BY_NAME(.init_array.*))
 *(.init_array*)
 .init_array    0x000000000800669c        0x4 c:/users/leo/eigene programme/stm32cubeide/stm32cubeide_1.4.0/stm32cubeide/plugins/com.st.stm32cube.ide.mcu.externaltools.gnu-tools-for-stm32.9-2020-q2-update.win32_2.0.0.202105311346/tools/bin/../lib/gcc/arm-none-eabi/9.3.1/thumb/v7-m/nofp/crtbegin.o
                0x00000000080066a0                PROVIDE (__init_array_end = .)
                0x00000000080066a0                . = ALIGN (0x4)

.fini_array     0x00000000080066a0        0x4
                0x00000000080066a0                . = ALIGN (0x4)
                [!provide]                        PROVIDE (__fini_array_start = .)
 *(SORT_BY_NAME(.fini_array.*))
 *(.fini_array*)
 .fini_array    0x00000000080066a0        0x4 c:/users/leo/eigene programme/stm32cubeide/stm32cubeide_1.4.0/stm32cubeide/plugins/com.st.stm32cube.ide.mcu.externaltools.gnu-tools-for-stm32.9-2020-q2-update.win32_2.0.0.202105311346/tools/bin/../lib/gcc/arm-none-eabi/9.3.1/thumb/v7-m/nofp/crtbegin.o
                [!provide]                        PROVIDE (__fini_array_end = .)
                0x00000000080066a4                . = ALIGN (0x4)
                0x00000000080066a4                _sidata = LOADADDR (.data)

.data           0x0000000020000000       0x78 load address 0x00000000080066a4
                0x0000000020000000                . = ALIGN (0x4)
                0x0000000020000000                _sdata = .
 *(.data)
 *(.data*)
 .data.Font_16x26
                0x0000000020000000        0x8 ./Core/Src/ssd1306_fonts.o
                0x0000000020000000                Font_16x26
 .data.SystemCoreClock
                0x0000000020000008        0x4 ./Core/Src/system_stm32l1xx.o
                0x0000000020000008                SystemCoreClock
 .data.uwTickPrio
                0x000000002000000c        0x4 ./Drivers/STM32L1xx_HAL_Driver/Src/stm32l1xx_hal.o
                0x000000002000000c                uwTickPrio
 .data.uwTickFreq
                0x0000000020000010        0x4 ./Drivers/STM32L1xx_HAL_Driver/Src/stm32l1xx_hal.o
                0x0000000020000010                uwTickFreq
 .data._impure_ptr
                0x0000000020000014        0x4 c:/users/leo/eigene programme/stm32cubeide/stm32cubeide_1.4.0/stm32cubeide/plugins/com.st.stm32cube.ide.mcu.externaltools.gnu-tools-for-stm32.9-2020-q2-update.win32_2.0.0.202105311346/tools/bin/../lib/gcc/arm-none-eabi/9.3.1/../../../../arm-none-eabi/lib/thumb/v7-m/nofp\libc_nano.a(lib_a-impure.o)
                0x0000000020000014                _impure_ptr
 .data.impure_data
                0x0000000020000018       0x60 c:/users/leo/eigene programme/stm32cubeide/stm32cubeide_1.4.0/stm32cubeide/plugins/com.st.stm32cube.ide.mcu.externaltools.gnu-tools-for-stm32.9-2020-q2-update.win32_2.0.0.202105311346/tools/bin/../lib/gcc/arm-none-eabi/9.3.1/../../../../arm-none-eabi/lib/thumb/v7-m/nofp\libc_nano.a(lib_a-impure.o)
 *(.RamFunc)
 *(.RamFunc*)
                0x0000000020000078                . = ALIGN (0x4)
                0x0000000020000078                _edata = .

.igot.plt       0x0000000020000078        0x0 load address 0x000000000800671c
 .igot.plt      0x0000000020000078        0x0 c:/users/leo/eigene programme/stm32cubeide/stm32cubeide_1.4.0/stm32cubeide/plugins/com.st.stm32cube.ide.mcu.externaltools.gnu-tools-for-stm32.9-2020-q2-update.win32_2.0.0.202105311346/tools/bin/../lib/gcc/arm-none-eabi/9.3.1/thumb/v7-m/nofp/crtbegin.o
                0x0000000020000078                . = ALIGN (0x4)

.bss            0x0000000020000078      0x33c load address 0x000000000800671c
                0x0000000020000078                _sbss = .
                0x0000000020000078                __bss_start__ = _sbss
 *(.bss)
 .bss           0x0000000020000078       0x1c c:/users/leo/eigene programme/stm32cubeide/stm32cubeide_1.4.0/stm32cubeide/plugins/com.st.stm32cube.ide.mcu.externaltools.gnu-tools-for-stm32.9-2020-q2-update.win32_2.0.0.202105311346/tools/bin/../lib/gcc/arm-none-eabi/9.3.1/thumb/v7-m/nofp/crtbegin.o
 *(.bss*)
 .bss.read_state
                0x0000000020000094        0x1 ./Core/Src/main.o
                0x0000000020000094                read_state
 .bss.state_SW_U
                0x0000000020000095        0x1 ./Core/Src/main.o
                0x0000000020000095                state_SW_U
 .bss.state_SW_D
                0x0000000020000096        0x1 ./Core/Src/main.o
                0x0000000020000096                state_SW_D
 .bss.state_SW_L
                0x0000000020000097        0x1 ./Core/Src/main.o
                0x0000000020000097                state_SW_L
 .bss.state_SW_R
                0x0000000020000098        0x1 ./Core/Src/main.o
                0x0000000020000098                state_SW_R
 *fill*         0x0000000020000099        0x3 
 .bss.SSD1306_Buffer
                0x000000002000009c      0x200 ./Core/Src/ssd1306.o
 .bss.SSD1306   0x000000002000029c        0x8 ./Core/Src/ssd1306.o
 .bss.__sbrk_heap_end
                0x00000000200002a4        0x4 ./Core/Src/sysmem.o
 .bss.__malloc_free_list
                0x00000000200002a8        0x4 c:/users/leo/eigene programme/stm32cubeide/stm32cubeide_1.4.0/stm32cubeide/plugins/com.st.stm32cube.ide.mcu.externaltools.gnu-tools-for-stm32.9-2020-q2-update.win32_2.0.0.202105311346/tools/bin/../lib/gcc/arm-none-eabi/9.3.1/../../../../arm-none-eabi/lib/thumb/v7-m/nofp\libc_nano.a(lib_a-nano-mallocr.o)
                0x00000000200002a8                __malloc_free_list
 .bss.__malloc_sbrk_start
                0x00000000200002ac        0x4 c:/users/leo/eigene programme/stm32cubeide/stm32cubeide_1.4.0/stm32cubeide/plugins/com.st.stm32cube.ide.mcu.externaltools.gnu-tools-for-stm32.9-2020-q2-update.win32_2.0.0.202105311346/tools/bin/../lib/gcc/arm-none-eabi/9.3.1/../../../../arm-none-eabi/lib/thumb/v7-m/nofp\libc_nano.a(lib_a-nano-mallocr.o)
                0x00000000200002ac                __malloc_sbrk_start
 *(COMMON)
 COMMON         0x00000000200002b0       0xf0 ./Core/Src/main.o
                0x00000000200002b0                hi2c1
                0x0000000020000304                temp
                0x0000000020000308                huart1
                0x000000002000034c                charBuffer
                0x0000000020000358                TxBuffer
                0x000000002000035c                aRxBuffer
                0x0000000020000360                htim2
 COMMON         0x00000000200003a0        0x4 ./Drivers/STM32L1xx_HAL_Driver/Src/stm32l1xx_hal.o
                0x00000000200003a0                uwTick
 COMMON         0x00000000200003a4        0x4 c:/users/leo/eigene programme/stm32cubeide/stm32cubeide_1.4.0/stm32cubeide/plugins/com.st.stm32cube.ide.mcu.externaltools.gnu-tools-for-stm32.9-2020-q2-update.win32_2.0.0.202105311346/tools/bin/../lib/gcc/arm-none-eabi/9.3.1/../../../../arm-none-eabi/lib/thumb/v7-m/nofp\libc_nano.a(lib_a-reent.o)
                0x00000000200003a4                errno
 COMMON         0x00000000200003a8        0x9 c:/users/leo/eigene programme/stm32cubeide/stm32cubeide_1.4.0/stm32cubeide/plugins/com.st.stm32cube.ide.mcu.externaltools.gnu-tools-for-stm32.9-2020-q2-update.win32_2.0.0.202105311346/tools/bin/../lib/gcc/arm-none-eabi/9.3.1/../../../../arm-none-eabi/lib/thumb/v7-m/nofp\libc_nano.a(lib_a-lock.o)
                0x00000000200003a8                __lock___atexit_recursive_mutex
                0x00000000200003a9                __lock___arc4random_mutex
                0x00000000200003aa                __lock___env_recursive_mutex
                0x00000000200003ab                __lock___sinit_recursive_mutex
                0x00000000200003ac                __lock___malloc_recursive_mutex
                0x00000000200003ad                __lock___at_quick_exit_mutex
                0x00000000200003ae                __lock___dd_hash_mutex
                0x00000000200003af                __lock___tz_mutex
                0x00000000200003b0                __lock___sfp_recursive_mutex
                0x00000000200003b4                . = ALIGN (0x4)
 *fill*         0x00000000200003b1        0x3 
                0x00000000200003b4                _ebss = .
                0x00000000200003b4                __bss_end__ = _ebss

._user_heap_stack
                0x00000000200003b4      0x604 load address 0x000000000800671c
                0x00000000200003b8                . = ALIGN (0x8)
 *fill*         0x00000000200003b4        0x4 
                [!provide]                        PROVIDE (end = .)
                0x00000000200003b8                PROVIDE (_end = .)
                0x00000000200005b8                . = (. + _Min_Heap_Size)
 *fill*         0x00000000200003b8      0x200 
                0x00000000200009b8                . = (. + _Min_Stack_Size)
 *fill*         0x00000000200005b8      0x400 
                0x00000000200009b8                . = ALIGN (0x8)

/DISCARD/
 libc.a(*)
 libm.a(*)
 libgcc.a(*)

.ARM.attributes
                0x0000000000000000       0x29
 *(.ARM.attributes)
 .ARM.attributes
                0x0000000000000000       0x1d c:/users/leo/eigene programme/stm32cubeide/stm32cubeide_1.4.0/stm32cubeide/plugins/com.st.stm32cube.ide.mcu.externaltools.gnu-tools-for-stm32.9-2020-q2-update.win32_2.0.0.202105311346/tools/bin/../lib/gcc/arm-none-eabi/9.3.1/thumb/v7-m/nofp/crti.o
 .ARM.attributes
                0x000000000000001d       0x2d c:/users/leo/eigene programme/stm32cubeide/stm32cubeide_1.4.0/stm32cubeide/plugins/com.st.stm32cube.ide.mcu.externaltools.gnu-tools-for-stm32.9-2020-q2-update.win32_2.0.0.202105311346/tools/bin/../lib/gcc/arm-none-eabi/9.3.1/thumb/v7-m/nofp/crtbegin.o
 .ARM.attributes
                0x000000000000004a       0x2d ./Core/Src/main.o
 .ARM.attributes
                0x0000000000000077       0x2d ./Core/Src/ssd1306.o
 .ARM.attributes
                0x00000000000000a4       0x33 ./Core/Src/ssd1306_fonts.o
 .ARM.attributes
                0x00000000000000d7       0x2d ./Core/Src/stm32l1xx_hal_msp.o
 .ARM.attributes
                0x0000000000000104       0x2d ./Core/Src/stm32l1xx_it.o
 .ARM.attributes
                0x0000000000000131       0x2d ./Core/Src/sysmem.o
 .ARM.attributes
                0x000000000000015e       0x2d ./Core/Src/system_stm32l1xx.o
 .ARM.attributes
                0x000000000000018b       0x21 ./Core/Startup/startup_stm32l151rctx.o
 .ARM.attributes
                0x00000000000001ac       0x2d ./Drivers/STM32L1xx_HAL_Driver/Src/stm32l1xx_hal.o
 .ARM.attributes
                0x00000000000001d9       0x2d ./Drivers/STM32L1xx_HAL_Driver/Src/stm32l1xx_hal_cortex.o
 .ARM.attributes
                0x0000000000000206       0x2d ./Drivers/STM32L1xx_HAL_Driver/Src/stm32l1xx_hal_gpio.o
 .ARM.attributes
                0x0000000000000233       0x2d ./Drivers/STM32L1xx_HAL_Driver/Src/stm32l1xx_hal_i2c.o
 .ARM.attributes
                0x0000000000000260       0x2d ./Drivers/STM32L1xx_HAL_Driver/Src/stm32l1xx_hal_rcc.o
 .ARM.attributes
                0x000000000000028d       0x2d ./Drivers/STM32L1xx_HAL_Driver/Src/stm32l1xx_hal_tim.o
 .ARM.attributes
                0x00000000000002ba       0x2d ./Drivers/STM32L1xx_HAL_Driver/Src/stm32l1xx_hal_tim_ex.o
 .ARM.attributes
                0x00000000000002e7       0x2d ./Drivers/STM32L1xx_HAL_Driver/Src/stm32l1xx_hal_uart.o
 .ARM.attributes
                0x0000000000000314       0x2d c:/users/leo/eigene programme/stm32cubeide/stm32cubeide_1.4.0/stm32cubeide/plugins/com.st.stm32cube.ide.mcu.externaltools.gnu-tools-for-stm32.9-2020-q2-update.win32_2.0.0.202105311346/tools/bin/../lib/gcc/arm-none-eabi/9.3.1/../../../../arm-none-eabi/lib/thumb/v7-m/nofp\libc_nano.a(lib_a-errno.o)
 .ARM.attributes
                0x0000000000000341       0x2d c:/users/leo/eigene programme/stm32cubeide/stm32cubeide_1.4.0/stm32cubeide/plugins/com.st.stm32cube.ide.mcu.externaltools.gnu-tools-for-stm32.9-2020-q2-update.win32_2.0.0.202105311346/tools/bin/../lib/gcc/arm-none-eabi/9.3.1/../../../../arm-none-eabi/lib/thumb/v7-m/nofp\libc_nano.a(lib_a-impure.o)
 .ARM.attributes
                0x000000000000036e       0x2d c:/users/leo/eigene programme/stm32cubeide/stm32cubeide_1.4.0/stm32cubeide/plugins/com.st.stm32cube.ide.mcu.externaltools.gnu-tools-for-stm32.9-2020-q2-update.win32_2.0.0.202105311346/tools/bin/../lib/gcc/arm-none-eabi/9.3.1/../../../../arm-none-eabi/lib/thumb/v7-m/nofp\libc_nano.a(lib_a-init.o)
 .ARM.attributes
                0x000000000000039b       0x2d c:/users/leo/eigene programme/stm32cubeide/stm32cubeide_1.4.0/stm32cubeide/plugins/com.st.stm32cube.ide.mcu.externaltools.gnu-tools-for-stm32.9-2020-q2-update.win32_2.0.0.202105311346/tools/bin/../lib/gcc/arm-none-eabi/9.3.1/../../../../arm-none-eabi/lib/thumb/v7-m/nofp\libc_nano.a(lib_a-memcpy-stub.o)
 .ARM.attributes
                0x00000000000003c8       0x2d c:/users/leo/eigene programme/stm32cubeide/stm32cubeide_1.4.0/stm32cubeide/plugins/com.st.stm32cube.ide.mcu.externaltools.gnu-tools-for-stm32.9-2020-q2-update.win32_2.0.0.202105311346/tools/bin/../lib/gcc/arm-none-eabi/9.3.1/../../../../arm-none-eabi/lib/thumb/v7-m/nofp\libc_nano.a(lib_a-memmove.o)
 .ARM.attributes
                0x00000000000003f5       0x2d c:/users/leo/eigene programme/stm32cubeide/stm32cubeide_1.4.0/stm32cubeide/plugins/com.st.stm32cube.ide.mcu.externaltools.gnu-tools-for-stm32.9-2020-q2-update.win32_2.0.0.202105311346/tools/bin/../lib/gcc/arm-none-eabi/9.3.1/../../../../arm-none-eabi/lib/thumb/v7-m/nofp\libc_nano.a(lib_a-memset.o)
 .ARM.attributes
                0x0000000000000422       0x2d c:/users/leo/eigene programme/stm32cubeide/stm32cubeide_1.4.0/stm32cubeide/plugins/com.st.stm32cube.ide.mcu.externaltools.gnu-tools-for-stm32.9-2020-q2-update.win32_2.0.0.202105311346/tools/bin/../lib/gcc/arm-none-eabi/9.3.1/../../../../arm-none-eabi/lib/thumb/v7-m/nofp\libc_nano.a(lib_a-sprintf.o)
 .ARM.attributes
                0x000000000000044f       0x2d c:/users/leo/eigene programme/stm32cubeide/stm32cubeide_1.4.0/stm32cubeide/plugins/com.st.stm32cube.ide.mcu.externaltools.gnu-tools-for-stm32.9-2020-q2-update.win32_2.0.0.202105311346/tools/bin/../lib/gcc/arm-none-eabi/9.3.1/../../../../arm-none-eabi/lib/thumb/v7-m/nofp\libc_nano.a(lib_a-nano-svfprintf.o)
 .ARM.attributes
                0x000000000000047c       0x2d c:/users/leo/eigene programme/stm32cubeide/stm32cubeide_1.4.0/stm32cubeide/plugins/com.st.stm32cube.ide.mcu.externaltools.gnu-tools-for-stm32.9-2020-q2-update.win32_2.0.0.202105311346/tools/bin/../lib/gcc/arm-none-eabi/9.3.1/../../../../arm-none-eabi/lib/thumb/v7-m/nofp\libc_nano.a(lib_a-nano-vfprintf_i.o)
 .ARM.attributes
                0x00000000000004a9       0x2d c:/users/leo/eigene programme/stm32cubeide/stm32cubeide_1.4.0/stm32cubeide/plugins/com.st.stm32cube.ide.mcu.externaltools.gnu-tools-for-stm32.9-2020-q2-update.win32_2.0.0.202105311346/tools/bin/../lib/gcc/arm-none-eabi/9.3.1/../../../../arm-none-eabi/lib/thumb/v7-m/nofp\libc_nano.a(lib_a-memchr-stub.o)
 .ARM.attributes
                0x00000000000004d6       0x2d c:/users/leo/eigene programme/stm32cubeide/stm32cubeide_1.4.0/stm32cubeide/plugins/com.st.stm32cube.ide.mcu.externaltools.gnu-tools-for-stm32.9-2020-q2-update.win32_2.0.0.202105311346/tools/bin/../lib/gcc/arm-none-eabi/9.3.1/../../../../arm-none-eabi/lib/thumb/v7-m/nofp\libc_nano.a(lib_a-nano-freer.o)
 .ARM.attributes
                0x0000000000000503       0x2d c:/users/leo/eigene programme/stm32cubeide/stm32cubeide_1.4.0/stm32cubeide/plugins/com.st.stm32cube.ide.mcu.externaltools.gnu-tools-for-stm32.9-2020-q2-update.win32_2.0.0.202105311346/tools/bin/../lib/gcc/arm-none-eabi/9.3.1/../../../../arm-none-eabi/lib/thumb/v7-m/nofp\libc_nano.a(lib_a-nano-mallocr.o)
 .ARM.attributes
                0x0000000000000530       0x2d c:/users/leo/eigene programme/stm32cubeide/stm32cubeide_1.4.0/stm32cubeide/plugins/com.st.stm32cube.ide.mcu.externaltools.gnu-tools-for-stm32.9-2020-q2-update.win32_2.0.0.202105311346/tools/bin/../lib/gcc/arm-none-eabi/9.3.1/../../../../arm-none-eabi/lib/thumb/v7-m/nofp\libc_nano.a(lib_a-nano-reallocr.o)
 .ARM.attributes
                0x000000000000055d       0x2d c:/users/leo/eigene programme/stm32cubeide/stm32cubeide_1.4.0/stm32cubeide/plugins/com.st.stm32cube.ide.mcu.externaltools.gnu-tools-for-stm32.9-2020-q2-update.win32_2.0.0.202105311346/tools/bin/../lib/gcc/arm-none-eabi/9.3.1/../../../../arm-none-eabi/lib/thumb/v7-m/nofp\libc_nano.a(lib_a-sbrkr.o)
 .ARM.attributes
                0x000000000000058a       0x2d c:/users/leo/eigene programme/stm32cubeide/stm32cubeide_1.4.0/stm32cubeide/plugins/com.st.stm32cube.ide.mcu.externaltools.gnu-tools-for-stm32.9-2020-q2-update.win32_2.0.0.202105311346/tools/bin/../lib/gcc/arm-none-eabi/9.3.1/../../../../arm-none-eabi/lib/thumb/v7-m/nofp\libc_nano.a(lib_a-mlock.o)
 .ARM.attributes
                0x00000000000005b7       0x2d c:/users/leo/eigene programme/stm32cubeide/stm32cubeide_1.4.0/stm32cubeide/plugins/com.st.stm32cube.ide.mcu.externaltools.gnu-tools-for-stm32.9-2020-q2-update.win32_2.0.0.202105311346/tools/bin/../lib/gcc/arm-none-eabi/9.3.1/../../../../arm-none-eabi/lib/thumb/v7-m/nofp\libc_nano.a(lib_a-nano-msizer.o)
 .ARM.attributes
                0x00000000000005e4       0x2d c:/users/leo/eigene programme/stm32cubeide/stm32cubeide_1.4.0/stm32cubeide/plugins/com.st.stm32cube.ide.mcu.externaltools.gnu-tools-for-stm32.9-2020-q2-update.win32_2.0.0.202105311346/tools/bin/../lib/gcc/arm-none-eabi/9.3.1/../../../../arm-none-eabi/lib/thumb/v7-m/nofp\libc_nano.a(lib_a-reent.o)
 .ARM.attributes
                0x0000000000000611       0x2d c:/users/leo/eigene programme/stm32cubeide/stm32cubeide_1.4.0/stm32cubeide/plugins/com.st.stm32cube.ide.mcu.externaltools.gnu-tools-for-stm32.9-2020-q2-update.win32_2.0.0.202105311346/tools/bin/../lib/gcc/arm-none-eabi/9.3.1/../../../../arm-none-eabi/lib/thumb/v7-m/nofp\libc_nano.a(lib_a-lock.o)
 .ARM.attributes
                0x000000000000063e       0x1d c:/users/leo/eigene programme/stm32cubeide/stm32cubeide_1.4.0/stm32cubeide/plugins/com.st.stm32cube.ide.mcu.externaltools.gnu-tools-for-stm32.9-2020-q2-update.win32_2.0.0.202105311346/tools/bin/../lib/gcc/arm-none-eabi/9.3.1/thumb/v7-m/nofp\libgcc.a(_arm_addsubdf3.o)
 .ARM.attributes
                0x000000000000065b       0x1d c:/users/leo/eigene programme/stm32cubeide/stm32cubeide_1.4.0/stm32cubeide/plugins/com.st.stm32cube.ide.mcu.externaltools.gnu-tools-for-stm32.9-2020-q2-update.win32_2.0.0.202105311346/tools/bin/../lib/gcc/arm-none-eabi/9.3.1/thumb/v7-m/nofp\libgcc.a(_arm_muldivdf3.o)
 .ARM.attributes
                0x0000000000000678       0x1d c:/users/leo/eigene programme/stm32cubeide/stm32cubeide_1.4.0/stm32cubeide/plugins/com.st.stm32cube.ide.mcu.externaltools.gnu-tools-for-stm32.9-2020-q2-update.win32_2.0.0.202105311346/tools/bin/../lib/gcc/arm-none-eabi/9.3.1/thumb/v7-m/nofp\libgcc.a(_arm_fixunsdfsi.o)
 .ARM.attributes
                0x0000000000000695       0x1d c:/users/leo/eigene programme/stm32cubeide/stm32cubeide_1.4.0/stm32cubeide/plugins/com.st.stm32cube.ide.mcu.externaltools.gnu-tools-for-stm32.9-2020-q2-update.win32_2.0.0.202105311346/tools/bin/../lib/gcc/arm-none-eabi/9.3.1/thumb/v7-m/nofp\libgcc.a(_arm_addsubsf3.o)
 .ARM.attributes
                0x00000000000006b2       0x1d c:/users/leo/eigene programme/stm32cubeide/stm32cubeide_1.4.0/stm32cubeide/plugins/com.st.stm32cube.ide.mcu.externaltools.gnu-tools-for-stm32.9-2020-q2-update.win32_2.0.0.202105311346/tools/bin/../lib/gcc/arm-none-eabi/9.3.1/thumb/v7-m/nofp\libgcc.a(_aeabi_uldivmod.o)
 .ARM.attributes
                0x00000000000006cf       0x2d c:/users/leo/eigene programme/stm32cubeide/stm32cubeide_1.4.0/stm32cubeide/plugins/com.st.stm32cube.ide.mcu.externaltools.gnu-tools-for-stm32.9-2020-q2-update.win32_2.0.0.202105311346/tools/bin/../lib/gcc/arm-none-eabi/9.3.1/thumb/v7-m/nofp\libgcc.a(_udivmoddi4.o)
 .ARM.attributes
                0x00000000000006fc       0x1d c:/users/leo/eigene programme/stm32cubeide/stm32cubeide_1.4.0/stm32cubeide/plugins/com.st.stm32cube.ide.mcu.externaltools.gnu-tools-for-stm32.9-2020-q2-update.win32_2.0.0.202105311346/tools/bin/../lib/gcc/arm-none-eabi/9.3.1/thumb/v7-m/nofp\libgcc.a(_dvmd_tls.o)
 .ARM.attributes
                0x0000000000000719       0x1d c:/users/leo/eigene programme/stm32cubeide/stm32cubeide_1.4.0/stm32cubeide/plugins/com.st.stm32cube.ide.mcu.externaltools.gnu-tools-for-stm32.9-2020-q2-update.win32_2.0.0.202105311346/tools/bin/../lib/gcc/arm-none-eabi/9.3.1/thumb/v7-m/nofp/crtn.o
OUTPUT(18650_UPS.elf elf32-littlearm)
LOAD linker stubs
LOAD c:/users/leo/eigene programme/stm32cubeide/stm32cubeide_1.4.0/stm32cubeide/plugins/com.st.stm32cube.ide.mcu.externaltools.gnu-tools-for-stm32.9-2020-q2-update.win32_2.0.0.202105311346/tools/bin/../lib/gcc/arm-none-eabi/9.3.1/../../../../arm-none-eabi/lib/thumb/v7-m/nofp\libc.a
LOAD c:/users/leo/eigene programme/stm32cubeide/stm32cubeide_1.4.0/stm32cubeide/plugins/com.st.stm32cube.ide.mcu.externaltools.gnu-tools-for-stm32.9-2020-q2-update.win32_2.0.0.202105311346/tools/bin/../lib/gcc/arm-none-eabi/9.3.1/../../../../arm-none-eabi/lib/thumb/v7-m/nofp\libm.a
LOAD c:/users/leo/eigene programme/stm32cubeide/stm32cubeide_1.4.0/stm32cubeide/plugins/com.st.stm32cube.ide.mcu.externaltools.gnu-tools-for-stm32.9-2020-q2-update.win32_2.0.0.202105311346/tools/bin/../lib/gcc/arm-none-eabi/9.3.1/thumb/v7-m/nofp\libgcc.a

.debug_info     0x0000000000000000     0xef8c
 .debug_info    0x0000000000000000     0x1d2a ./Core/Src/main.o
 .debug_info    0x0000000000001d2a     0x1765 ./Core/Src/ssd1306.o
 .debug_info    0x000000000000348f      0x1f2 ./Core/Src/ssd1306_fonts.o
 .debug_info    0x0000000000003681     0x1116 ./Core/Src/stm32l1xx_hal_msp.o
 .debug_info    0x0000000000004797      0x7b1 ./Core/Src/stm32l1xx_it.o
 .debug_info    0x0000000000004f48      0xa25 ./Core/Src/sysmem.o
 .debug_info    0x000000000000596d      0x2f8 ./Core/Src/system_stm32l1xx.o
 .debug_info    0x0000000000005c65       0x22 ./Core/Startup/startup_stm32l151rctx.o
 .debug_info    0x0000000000005c87      0x76b ./Drivers/STM32L1xx_HAL_Driver/Src/stm32l1xx_hal.o
 .debug_info    0x00000000000063f2      0xe20 ./Drivers/STM32L1xx_HAL_Driver/Src/stm32l1xx_hal_cortex.o
 .debug_info    0x0000000000007212      0x704 ./Drivers/STM32L1xx_HAL_Driver/Src/stm32l1xx_hal_gpio.o
 .debug_info    0x0000000000007916     0x25f3 ./Drivers/STM32L1xx_HAL_Driver/Src/stm32l1xx_hal_i2c.o
 .debug_info    0x0000000000009f09      0x9b9 ./Drivers/STM32L1xx_HAL_Driver/Src/stm32l1xx_hal_rcc.o
 .debug_info    0x000000000000a8c2     0x28f7 ./Drivers/STM32L1xx_HAL_Driver/Src/stm32l1xx_hal_tim.o
 .debug_info    0x000000000000d1b9      0x7c6 ./Drivers/STM32L1xx_HAL_Driver/Src/stm32l1xx_hal_tim_ex.o
 .debug_info    0x000000000000d97f     0x160d ./Drivers/STM32L1xx_HAL_Driver/Src/stm32l1xx_hal_uart.o

.debug_abbrev   0x0000000000000000     0x20a3
 .debug_abbrev  0x0000000000000000      0x2f5 ./Core/Src/main.o
 .debug_abbrev  0x00000000000002f5      0x396 ./Core/Src/ssd1306.o
 .debug_abbrev  0x000000000000068b       0xbe ./Core/Src/ssd1306_fonts.o
 .debug_abbrev  0x0000000000000749      0x1c8 ./Core/Src/stm32l1xx_hal_msp.o
 .debug_abbrev  0x0000000000000911      0x187 ./Core/Src/stm32l1xx_it.o
 .debug_abbrev  0x0000000000000a98      0x1bf ./Core/Src/sysmem.o
 .debug_abbrev  0x0000000000000c57      0x129 ./Core/Src/system_stm32l1xx.o
 .debug_abbrev  0x0000000000000d80       0x12 ./Core/Startup/startup_stm32l151rctx.o
 .debug_abbrev  0x0000000000000d92      0x24b ./Drivers/STM32L1xx_HAL_Driver/Src/stm32l1xx_hal.o
 .debug_abbrev  0x0000000000000fdd      0x33c ./Drivers/STM32L1xx_HAL_Driver/Src/stm32l1xx_hal_cortex.o
 .debug_abbrev  0x0000000000001319      0x1f1 ./Drivers/STM32L1xx_HAL_Driver/Src/stm32l1xx_hal_gpio.o
 .debug_abbrev  0x000000000000150a      0x293 ./Drivers/STM32L1xx_HAL_Driver/Src/stm32l1xx_hal_i2c.o
 .debug_abbrev  0x000000000000179d      0x268 ./Drivers/STM32L1xx_HAL_Driver/Src/stm32l1xx_hal_rcc.o
 .debug_abbrev  0x0000000000001a05      0x26f ./Drivers/STM32L1xx_HAL_Driver/Src/stm32l1xx_hal_tim.o
 .debug_abbrev  0x0000000000001c74      0x193 ./Drivers/STM32L1xx_HAL_Driver/Src/stm32l1xx_hal_tim_ex.o
 .debug_abbrev  0x0000000000001e07      0x29c ./Drivers/STM32L1xx_HAL_Driver/Src/stm32l1xx_hal_uart.o

.debug_aranges  0x0000000000000000      0xde0
 .debug_aranges
                0x0000000000000000       0x60 ./Core/Src/main.o
 .debug_aranges
                0x0000000000000060       0xc0 ./Core/Src/ssd1306.o
 .debug_aranges
                0x0000000000000120       0x18 ./Core/Src/ssd1306_fonts.o
 .debug_aranges
                0x0000000000000138       0x50 ./Core/Src/stm32l1xx_hal_msp.o
 .debug_aranges
                0x0000000000000188       0x70 ./Core/Src/stm32l1xx_it.o
 .debug_aranges
                0x00000000000001f8       0x20 ./Core/Src/sysmem.o
 .debug_aranges
                0x0000000000000218       0x28 ./Core/Src/system_stm32l1xx.o
 .debug_aranges
                0x0000000000000240       0x28 ./Core/Startup/startup_stm32l151rctx.o
 .debug_aranges
                0x0000000000000268       0xe0 ./Drivers/STM32L1xx_HAL_Driver/Src/stm32l1xx_hal.o
 .debug_aranges
                0x0000000000000348      0x118 ./Drivers/STM32L1xx_HAL_Driver/Src/stm32l1xx_hal_cortex.o
 .debug_aranges
                0x0000000000000460       0x58 ./Drivers/STM32L1xx_HAL_Driver/Src/stm32l1xx_hal_gpio.o
 .debug_aranges
                0x00000000000004b8      0x2a0 ./Drivers/STM32L1xx_HAL_Driver/Src/stm32l1xx_hal_i2c.o
 .debug_aranges
                0x0000000000000758       0x90 ./Drivers/STM32L1xx_HAL_Driver/Src/stm32l1xx_hal_rcc.o
 .debug_aranges
                0x00000000000007e8      0x3d0 ./Drivers/STM32L1xx_HAL_Driver/Src/stm32l1xx_hal_tim.o
 .debug_aranges
                0x0000000000000bb8       0x28 ./Drivers/STM32L1xx_HAL_Driver/Src/stm32l1xx_hal_tim_ex.o
 .debug_aranges
                0x0000000000000be0      0x200 ./Drivers/STM32L1xx_HAL_Driver/Src/stm32l1xx_hal_uart.o

.debug_ranges   0x0000000000000000      0xd38
 .debug_ranges  0x0000000000000000       0x50 ./Core/Src/main.o
 .debug_ranges  0x0000000000000050       0xb0 ./Core/Src/ssd1306.o
 .debug_ranges  0x0000000000000100       0x40 ./Core/Src/stm32l1xx_hal_msp.o
 .debug_ranges  0x0000000000000140       0x60 ./Core/Src/stm32l1xx_it.o
 .debug_ranges  0x00000000000001a0       0x10 ./Core/Src/sysmem.o
 .debug_ranges  0x00000000000001b0       0x18 ./Core/Src/system_stm32l1xx.o
 .debug_ranges  0x00000000000001c8       0x20 ./Core/Startup/startup_stm32l151rctx.o
 .debug_ranges  0x00000000000001e8       0xd0 ./Drivers/STM32L1xx_HAL_Driver/Src/stm32l1xx_hal.o
 .debug_ranges  0x00000000000002b8      0x108 ./Drivers/STM32L1xx_HAL_Driver/Src/stm32l1xx_hal_cortex.o
 .debug_ranges  0x00000000000003c0       0x48 ./Drivers/STM32L1xx_HAL_Driver/Src/stm32l1xx_hal_gpio.o
 .debug_ranges  0x0000000000000408      0x2b8 ./Drivers/STM32L1xx_HAL_Driver/Src/stm32l1xx_hal_i2c.o
 .debug_ranges  0x00000000000006c0       0x80 ./Drivers/STM32L1xx_HAL_Driver/Src/stm32l1xx_hal_rcc.o
 .debug_ranges  0x0000000000000740      0x3c0 ./Drivers/STM32L1xx_HAL_Driver/Src/stm32l1xx_hal_tim.o
 .debug_ranges  0x0000000000000b00       0x18 ./Drivers/STM32L1xx_HAL_Driver/Src/stm32l1xx_hal_tim_ex.o
 .debug_ranges  0x0000000000000b18      0x220 ./Drivers/STM32L1xx_HAL_Driver/Src/stm32l1xx_hal_uart.o

.debug_macro    0x0000000000000000    0x199c2
 .debug_macro   0x0000000000000000      0x34d ./Core/Src/main.o
 .debug_macro   0x000000000000034d      0xa9c ./Core/Src/main.o
 .debug_macro   0x0000000000000de9      0x118 ./Core/Src/main.o
 .debug_macro   0x0000000000000f01       0x2e ./Core/Src/main.o
 .debug_macro   0x0000000000000f2f       0x22 ./Core/Src/main.o
 .debug_macro   0x0000000000000f51       0x22 ./Core/Src/main.o
 .debug_macro   0x0000000000000f73       0x8e ./Core/Src/main.o
 .debug_macro   0x0000000000001001       0x51 ./Core/Src/main.o
 .debug_macro   0x0000000000001052      0x103 ./Core/Src/main.o
 .debug_macro   0x0000000000001155       0x6a ./Core/Src/main.o
 .debug_macro   0x00000000000011bf      0x1df ./Core/Src/main.o
 .debug_macro   0x000000000000139e       0x1c ./Core/Src/main.o
 .debug_macro   0x00000000000013ba       0x22 ./Core/Src/main.o
 .debug_macro   0x00000000000013dc       0xc3 ./Core/Src/main.o
 .debug_macro   0x000000000000149f      0xe49 ./Core/Src/main.o
 .debug_macro   0x00000000000022e8      0x11f ./Core/Src/main.o
 .debug_macro   0x0000000000002407     0xae9b ./Core/Src/main.o
 .debug_macro   0x000000000000d2a2       0x6d ./Core/Src/main.o
 .debug_macro   0x000000000000d30f     0x34ca ./Core/Src/main.o
 .debug_macro   0x00000000000107d9      0x174 ./Core/Src/main.o
 .debug_macro   0x000000000001094d       0x5b ./Core/Src/main.o
 .debug_macro   0x00000000000109a8      0xe38 ./Core/Src/main.o
 .debug_macro   0x00000000000117e0      0x1e2 ./Core/Src/main.o
 .debug_macro   0x00000000000119c2      0x1b9 ./Core/Src/main.o
 .debug_macro   0x0000000000011b7b       0xb3 ./Core/Src/main.o
 .debug_macro   0x0000000000011c2e      0x21e ./Core/Src/main.o
 .debug_macro   0x0000000000011e4c      0x236 ./Core/Src/main.o
 .debug_macro   0x0000000000012082      0x116 ./Core/Src/main.o
 .debug_macro   0x0000000000012198      0x56e ./Core/Src/main.o
 .debug_macro   0x0000000000012706      0x287 ./Core/Src/main.o
 .debug_macro   0x000000000001298d      0x1e9 ./Core/Src/main.o
 .debug_macro   0x0000000000012b76       0x22 ./Core/Src/main.o
 .debug_macro   0x0000000000012b98      0x76c ./Core/Src/main.o
 .debug_macro   0x0000000000013304       0xac ./Core/Src/main.o
 .debug_macro   0x00000000000133b0      0x295 ./Core/Src/main.o
 .debug_macro   0x0000000000013645      0x162 ./Core/Src/main.o
 .debug_macro   0x00000000000137a7      0x3ff ./Core/Src/main.o
 .debug_macro   0x0000000000013ba6       0x4c ./Core/Src/main.o
 .debug_macro   0x0000000000013bf2       0x52 ./Core/Src/main.o
 .debug_macro   0x0000000000013c44       0x18 ./Core/Src/main.o
 .debug_macro   0x0000000000013c5c       0x3c ./Core/Src/main.o
 .debug_macro   0x0000000000013c98       0x34 ./Core/Src/main.o
 .debug_macro   0x0000000000013ccc       0x3a ./Core/Src/main.o
 .debug_macro   0x0000000000013d06       0x40 ./Core/Src/main.o
 .debug_macro   0x0000000000013d46       0x16 ./Core/Src/main.o
 .debug_macro   0x0000000000013d5c       0x35 ./Core/Src/main.o
 .debug_macro   0x0000000000013d91      0x333 ./Core/Src/main.o
 .debug_macro   0x00000000000140c4       0x10 ./Core/Src/main.o
 .debug_macro   0x00000000000140d4       0x16 ./Core/Src/main.o
 .debug_macro   0x00000000000140ea       0x43 ./Core/Src/main.o
 .debug_macro   0x000000000001412d       0x34 ./Core/Src/main.o
 .debug_macro   0x0000000000014161       0x10 ./Core/Src/main.o
 .debug_macro   0x0000000000014171       0x58 ./Core/Src/main.o
 .debug_macro   0x00000000000141c9       0x71 ./Core/Src/main.o
 .debug_macro   0x000000000001423a       0x1c ./Core/Src/main.o
 .debug_macro   0x0000000000014256      0x12a ./Core/Src/main.o
 .debug_macro   0x0000000000014380       0x10 ./Core/Src/main.o
 .debug_macro   0x0000000000014390       0x1c ./Core/Src/main.o
 .debug_macro   0x00000000000143ac       0x52 ./Core/Src/main.o
 .debug_macro   0x00000000000143fe       0x22 ./Core/Src/main.o
 .debug_macro   0x0000000000014420       0x10 ./Core/Src/main.o
 .debug_macro   0x0000000000014430       0x40 ./Core/Src/main.o
 .debug_macro   0x0000000000014470       0xd5 ./Core/Src/main.o
 .debug_macro   0x0000000000014545       0x1c ./Core/Src/main.o
 .debug_macro   0x0000000000014561       0x3d ./Core/Src/main.o
 .debug_macro   0x000000000001459e       0x16 ./Core/Src/main.o
 .debug_macro   0x00000000000145b4      0x145 ./Core/Src/main.o
 .debug_macro   0x00000000000146f9      0x2ef ./Core/Src/ssd1306.o
 .debug_macro   0x00000000000149e8       0x4c ./Core/Src/ssd1306.o
 .debug_macro   0x0000000000014a34       0x94 ./Core/Src/ssd1306.o
 .debug_macro   0x0000000000014ac8       0x57 ./Core/Src/ssd1306.o
 .debug_macro   0x0000000000014b1f     0x351e ./Core/Src/ssd1306.o
 .debug_macro   0x000000000001803d      0x1a9 ./Core/Src/ssd1306.o
 .debug_macro   0x00000000000181e6       0x16 ./Core/Src/ssd1306.o
 .debug_macro   0x00000000000181fc       0x16 ./Core/Src/ssd1306.o
 .debug_macro   0x0000000000018212       0x29 ./Core/Src/ssd1306.o
 .debug_macro   0x000000000001823b       0x16 ./Core/Src/ssd1306.o
 .debug_macro   0x0000000000018251       0x20 ./Core/Src/ssd1306.o
 .debug_macro   0x0000000000018271       0x76 ./Core/Src/ssd1306_fonts.o
 .debug_macro   0x00000000000182e7      0x1c8 ./Core/Src/stm32l1xx_hal_msp.o
 .debug_macro   0x00000000000184af      0x1d2 ./Core/Src/stm32l1xx_it.o
 .debug_macro   0x0000000000018681       0xff ./Core/Src/sysmem.o
 .debug_macro   0x0000000000018780      0x23b ./Core/Src/sysmem.o
 .debug_macro   0x00000000000189bb      0x1b9 ./Core/Src/system_stm32l1xx.o
 .debug_macro   0x0000000000018b74      0x1dd ./Drivers/STM32L1xx_HAL_Driver/Src/stm32l1xx_hal.o
 .debug_macro   0x0000000000018d51      0x1b9 ./Drivers/STM32L1xx_HAL_Driver/Src/stm32l1xx_hal_cortex.o
 .debug_macro   0x0000000000018f0a      0x1c0 ./Drivers/STM32L1xx_HAL_Driver/Src/stm32l1xx_hal_gpio.o
 .debug_macro   0x00000000000190ca      0x200 ./Drivers/STM32L1xx_HAL_Driver/Src/stm32l1xx_hal_i2c.o
 .debug_macro   0x00000000000192ca      0x1cb ./Drivers/STM32L1xx_HAL_Driver/Src/stm32l1xx_hal_rcc.o
 .debug_macro   0x0000000000019495      0x1ba ./Drivers/STM32L1xx_HAL_Driver/Src/stm32l1xx_hal_tim.o
 .debug_macro   0x000000000001964f      0x1b9 ./Drivers/STM32L1xx_HAL_Driver/Src/stm32l1xx_hal_tim_ex.o
 .debug_macro   0x0000000000019808      0x1ba ./Drivers/STM32L1xx_HAL_Driver/Src/stm32l1xx_hal_uart.o

.debug_line     0x0000000000000000    0x1023f
 .debug_line    0x0000000000000000      0xd4c ./Core/Src/main.o
 .debug_line    0x0000000000000d4c      0xed8 ./Core/Src/ssd1306.o
 .debug_line    0x0000000000001c24      0x4cd ./Core/Src/ssd1306_fonts.o
 .debug_line    0x00000000000020f1      0x8bc ./Core/Src/stm32l1xx_hal_msp.o
 .debug_line    0x00000000000029ad      0x8da ./Core/Src/stm32l1xx_it.o
 .debug_line    0x0000000000003287      0x63e ./Core/Src/sysmem.o
 .debug_line    0x00000000000038c5      0x883 ./Core/Src/system_stm32l1xx.o
 .debug_line    0x0000000000004148       0x87 ./Core/Startup/startup_stm32l151rctx.o
 .debug_line    0x00000000000041cf      0xaa8 ./Drivers/STM32L1xx_HAL_Driver/Src/stm32l1xx_hal.o
 .debug_line    0x0000000000004c77      0xd75 ./Drivers/STM32L1xx_HAL_Driver/Src/stm32l1xx_hal_cortex.o
 .debug_line    0x00000000000059ec      0xafa ./Drivers/STM32L1xx_HAL_Driver/Src/stm32l1xx_hal_gpio.o
 .debug_line    0x00000000000064e6     0x3a13 ./Drivers/STM32L1xx_HAL_Driver/Src/stm32l1xx_hal_i2c.o
 .debug_line    0x0000000000009ef9      0xfaf ./Drivers/STM32L1xx_HAL_Driver/Src/stm32l1xx_hal_rcc.o
 .debug_line    0x000000000000aea8     0x2f5c ./Drivers/STM32L1xx_HAL_Driver/Src/stm32l1xx_hal_tim.o
 .debug_line    0x000000000000de04      0x8b7 ./Drivers/STM32L1xx_HAL_Driver/Src/stm32l1xx_hal_tim_ex.o
 .debug_line    0x000000000000e6bb     0x1b84 ./Drivers/STM32L1xx_HAL_Driver/Src/stm32l1xx_hal_uart.o

.debug_str      0x0000000000000000    0x8b446
 .debug_str     0x0000000000000000    0x87444 ./Core/Src/main.o
                                      0x87886 (size before relaxing)
 .debug_str     0x0000000000087444      0xf48 ./Core/Src/ssd1306.o
                                      0x86be9 (size before relaxing)
 .debug_str     0x000000000008838c       0x41 ./Core/Src/ssd1306_fonts.o
                                       0x3df2 (size before relaxing)
 .debug_str     0x00000000000883cd       0xb3 ./Core/Src/stm32l1xx_hal_msp.o
                                      0x832cd (size before relaxing)
 .debug_str     0x0000000000088480       0xe2 ./Core/Src/stm32l1xx_it.o
                                      0x82aaa (size before relaxing)
 .debug_str     0x0000000000088562      0x4e9 ./Core/Src/sysmem.o
                                       0x624a (size before relaxing)
 .debug_str     0x0000000000088a4b       0x61 ./Core/Src/system_stm32l1xx.o
                                      0x824a5 (size before relaxing)
 .debug_str     0x0000000000088aac       0x36 ./Core/Startup/startup_stm32l151rctx.o
                                         0x5e (size before relaxing)
 .debug_str     0x0000000000088ae2      0x2f5 ./Drivers/STM32L1xx_HAL_Driver/Src/stm32l1xx_hal.o
                                      0x82b79 (size before relaxing)
 .debug_str     0x0000000000088dd7      0x41f ./Drivers/STM32L1xx_HAL_Driver/Src/stm32l1xx_hal_cortex.o
                                      0x82cab (size before relaxing)
 .debug_str     0x00000000000891f6      0x134 ./Drivers/STM32L1xx_HAL_Driver/Src/stm32l1xx_hal_gpio.o
                                      0x82682 (size before relaxing)
 .debug_str     0x000000000008932a      0xab8 ./Drivers/STM32L1xx_HAL_Driver/Src/stm32l1xx_hal_i2c.o
                                      0x83497 (size before relaxing)
 .debug_str     0x0000000000089de2      0x290 ./Drivers/STM32L1xx_HAL_Driver/Src/stm32l1xx_hal_rcc.o
                                      0x82923 (size before relaxing)
 .debug_str     0x000000000008a072      0xd79 ./Drivers/STM32L1xx_HAL_Driver/Src/stm32l1xx_hal_tim.o
                                      0x837b9 (size before relaxing)
 .debug_str     0x000000000008adeb       0x7d ./Drivers/STM32L1xx_HAL_Driver/Src/stm32l1xx_hal_tim_ex.o
                                      0x82997 (size before relaxing)
 .debug_str     0x000000000008ae68      0x5de ./Drivers/STM32L1xx_HAL_Driver/Src/stm32l1xx_hal_uart.o
                                      0x82e65 (size before relaxing)

.comment        0x0000000000000000       0x53
 .comment       0x0000000000000000       0x53 ./Core/Src/main.o
                                         0x54 (size before relaxing)
 .comment       0x0000000000000053       0x54 ./Core/Src/ssd1306.o
 .comment       0x0000000000000053       0x54 ./Core/Src/ssd1306_fonts.o
 .comment       0x0000000000000053       0x54 ./Core/Src/stm32l1xx_hal_msp.o
 .comment       0x0000000000000053       0x54 ./Core/Src/stm32l1xx_it.o
 .comment       0x0000000000000053       0x54 ./Core/Src/sysmem.o
 .comment       0x0000000000000053       0x54 ./Core/Src/system_stm32l1xx.o
 .comment       0x0000000000000053       0x54 ./Drivers/STM32L1xx_HAL_Driver/Src/stm32l1xx_hal.o
 .comment       0x0000000000000053       0x54 ./Drivers/STM32L1xx_HAL_Driver/Src/stm32l1xx_hal_cortex.o
 .comment       0x0000000000000053       0x54 ./Drivers/STM32L1xx_HAL_Driver/Src/stm32l1xx_hal_gpio.o
 .comment       0x0000000000000053       0x54 ./Drivers/STM32L1xx_HAL_Driver/Src/stm32l1xx_hal_i2c.o
 .comment       0x0000000000000053       0x54 ./Drivers/STM32L1xx_HAL_Driver/Src/stm32l1xx_hal_rcc.o
 .comment       0x0000000000000053       0x54 ./Drivers/STM32L1xx_HAL_Driver/Src/stm32l1xx_hal_tim.o
 .comment       0x0000000000000053       0x54 ./Drivers/STM32L1xx_HAL_Driver/Src/stm32l1xx_hal_tim_ex.o
 .comment       0x0000000000000053       0x54 ./Drivers/STM32L1xx_HAL_Driver/Src/stm32l1xx_hal_uart.o

.debug_frame    0x0000000000000000     0x4024
 .debug_frame   0x0000000000000000      0x134 ./Core/Src/main.o
 .debug_frame   0x0000000000000134      0x320 ./Core/Src/ssd1306.o
 .debug_frame   0x0000000000000454      0x110 ./Core/Src/stm32l1xx_hal_msp.o
 .debug_frame   0x0000000000000564      0x13c ./Core/Src/stm32l1xx_it.o
 .debug_frame   0x00000000000006a0       0x34 ./Core/Src/sysmem.o
 .debug_frame   0x00000000000006d4       0x58 ./Core/Src/system_stm32l1xx.o
 .debug_frame   0x000000000000072c      0x33c ./Drivers/STM32L1xx_HAL_Driver/Src/stm32l1xx_hal.o
 .debug_frame   0x0000000000000a68      0x498 ./Drivers/STM32L1xx_HAL_Driver/Src/stm32l1xx_hal_cortex.o
 .debug_frame   0x0000000000000f00      0x14c ./Drivers/STM32L1xx_HAL_Driver/Src/stm32l1xx_hal_gpio.o
 .debug_frame   0x000000000000104c      0xc5c ./Drivers/STM32L1xx_HAL_Driver/Src/stm32l1xx_hal_i2c.o
 .debug_frame   0x0000000000001ca8      0x21c ./Drivers/STM32L1xx_HAL_Driver/Src/stm32l1xx_hal_rcc.o
 .debug_frame   0x0000000000001ec4     0x11b4 ./Drivers/STM32L1xx_HAL_Driver/Src/stm32l1xx_hal_tim.o
 .debug_frame   0x0000000000003078       0x60 ./Drivers/STM32L1xx_HAL_Driver/Src/stm32l1xx_hal_tim_ex.o
 .debug_frame   0x00000000000030d8      0x914 ./Drivers/STM32L1xx_HAL_Driver/Src/stm32l1xx_hal_uart.o
 .debug_frame   0x00000000000039ec       0x20 c:/users/leo/eigene programme/stm32cubeide/stm32cubeide_1.4.0/stm32cubeide/plugins/com.st.stm32cube.ide.mcu.externaltools.gnu-tools-for-stm32.9-2020-q2-update.win32_2.0.0.202105311346/tools/bin/../lib/gcc/arm-none-eabi/9.3.1/../../../../arm-none-eabi/lib/thumb/v7-m/nofp\libc_nano.a(lib_a-errno.o)
 .debug_frame   0x0000000000003a0c       0x2c c:/users/leo/eigene programme/stm32cubeide/stm32cubeide_1.4.0/stm32cubeide/plugins/com.st.stm32cube.ide.mcu.externaltools.gnu-tools-for-stm32.9-2020-q2-update.win32_2.0.0.202105311346/tools/bin/../lib/gcc/arm-none-eabi/9.3.1/../../../../arm-none-eabi/lib/thumb/v7-m/nofp\libc_nano.a(lib_a-init.o)
 .debug_frame   0x0000000000003a38       0x28 c:/users/leo/eigene programme/stm32cubeide/stm32cubeide_1.4.0/stm32cubeide/plugins/com.st.stm32cube.ide.mcu.externaltools.gnu-tools-for-stm32.9-2020-q2-update.win32_2.0.0.202105311346/tools/bin/../lib/gcc/arm-none-eabi/9.3.1/../../../../arm-none-eabi/lib/thumb/v7-m/nofp\libc_nano.a(lib_a-memcpy-stub.o)
 .debug_frame   0x0000000000003a60       0x28 c:/users/leo/eigene programme/stm32cubeide/stm32cubeide_1.4.0/stm32cubeide/plugins/com.st.stm32cube.ide.mcu.externaltools.gnu-tools-for-stm32.9-2020-q2-update.win32_2.0.0.202105311346/tools/bin/../lib/gcc/arm-none-eabi/9.3.1/../../../../arm-none-eabi/lib/thumb/v7-m/nofp\libc_nano.a(lib_a-memmove.o)
 .debug_frame   0x0000000000003a88       0x20 c:/users/leo/eigene programme/stm32cubeide/stm32cubeide_1.4.0/stm32cubeide/plugins/com.st.stm32cube.ide.mcu.externaltools.gnu-tools-for-stm32.9-2020-q2-update.win32_2.0.0.202105311346/tools/bin/../lib/gcc/arm-none-eabi/9.3.1/../../../../arm-none-eabi/lib/thumb/v7-m/nofp\libc_nano.a(lib_a-memset.o)
 .debug_frame   0x0000000000003aa8       0x6c c:/users/leo/eigene programme/stm32cubeide/stm32cubeide_1.4.0/stm32cubeide/plugins/com.st.stm32cube.ide.mcu.externaltools.gnu-tools-for-stm32.9-2020-q2-update.win32_2.0.0.202105311346/tools/bin/../lib/gcc/arm-none-eabi/9.3.1/../../../../arm-none-eabi/lib/thumb/v7-m/nofp\libc_nano.a(lib_a-sprintf.o)
 .debug_frame   0x0000000000003b14       0x90 c:/users/leo/eigene programme/stm32cubeide/stm32cubeide_1.4.0/stm32cubeide/plugins/com.st.stm32cube.ide.mcu.externaltools.gnu-tools-for-stm32.9-2020-q2-update.win32_2.0.0.202105311346/tools/bin/../lib/gcc/arm-none-eabi/9.3.1/../../../../arm-none-eabi/lib/thumb/v7-m/nofp\libc_nano.a(lib_a-nano-svfprintf.o)
 .debug_frame   0x0000000000003ba4       0x60 c:/users/leo/eigene programme/stm32cubeide/stm32cubeide_1.4.0/stm32cubeide/plugins/com.st.stm32cube.ide.mcu.externaltools.gnu-tools-for-stm32.9-2020-q2-update.win32_2.0.0.202105311346/tools/bin/../lib/gcc/arm-none-eabi/9.3.1/../../../../arm-none-eabi/lib/thumb/v7-m/nofp\libc_nano.a(lib_a-nano-vfprintf_i.o)
 .debug_frame   0x0000000000003c04       0x28 c:/users/leo/eigene programme/stm32cubeide/stm32cubeide_1.4.0/stm32cubeide/plugins/com.st.stm32cube.ide.mcu.externaltools.gnu-tools-for-stm32.9-2020-q2-update.win32_2.0.0.202105311346/tools/bin/../lib/gcc/arm-none-eabi/9.3.1/../../../../arm-none-eabi/lib/thumb/v7-m/nofp\libc_nano.a(lib_a-memchr-stub.o)
 .debug_frame   0x0000000000003c2c       0x38 c:/users/leo/eigene programme/stm32cubeide/stm32cubeide_1.4.0/stm32cubeide/plugins/com.st.stm32cube.ide.mcu.externaltools.gnu-tools-for-stm32.9-2020-q2-update.win32_2.0.0.202105311346/tools/bin/../lib/gcc/arm-none-eabi/9.3.1/../../../../arm-none-eabi/lib/thumb/v7-m/nofp\libc_nano.a(lib_a-nano-freer.o)
 .debug_frame   0x0000000000003c64       0x30 c:/users/leo/eigene programme/stm32cubeide/stm32cubeide_1.4.0/stm32cubeide/plugins/com.st.stm32cube.ide.mcu.externaltools.gnu-tools-for-stm32.9-2020-q2-update.win32_2.0.0.202105311346/tools/bin/../lib/gcc/arm-none-eabi/9.3.1/../../../../arm-none-eabi/lib/thumb/v7-m/nofp\libc_nano.a(lib_a-nano-mallocr.o)
 .debug_frame   0x0000000000003c94       0x3c c:/users/leo/eigene programme/stm32cubeide/stm32cubeide_1.4.0/stm32cubeide/plugins/com.st.stm32cube.ide.mcu.externaltools.gnu-tools-for-stm32.9-2020-q2-update.win32_2.0.0.202105311346/tools/bin/../lib/gcc/arm-none-eabi/9.3.1/../../../../arm-none-eabi/lib/thumb/v7-m/nofp\libc_nano.a(lib_a-nano-reallocr.o)
 .debug_frame   0x0000000000003cd0       0x2c c:/users/leo/eigene programme/stm32cubeide/stm32cubeide_1.4.0/stm32cubeide/plugins/com.st.stm32cube.ide.mcu.externaltools.gnu-tools-for-stm32.9-2020-q2-update.win32_2.0.0.202105311346/tools/bin/../lib/gcc/arm-none-eabi/9.3.1/../../../../arm-none-eabi/lib/thumb/v7-m/nofp\libc_nano.a(lib_a-sbrkr.o)
 .debug_frame   0x0000000000003cfc       0x30 c:/users/leo/eigene programme/stm32cubeide/stm32cubeide_1.4.0/stm32cubeide/plugins/com.st.stm32cube.ide.mcu.externaltools.gnu-tools-for-stm32.9-2020-q2-update.win32_2.0.0.202105311346/tools/bin/../lib/gcc/arm-none-eabi/9.3.1/../../../../arm-none-eabi/lib/thumb/v7-m/nofp\libc_nano.a(lib_a-mlock.o)
 .debug_frame   0x0000000000003d2c       0x20 c:/users/leo/eigene programme/stm32cubeide/stm32cubeide_1.4.0/stm32cubeide/plugins/com.st.stm32cube.ide.mcu.externaltools.gnu-tools-for-stm32.9-2020-q2-update.win32_2.0.0.202105311346/tools/bin/../lib/gcc/arm-none-eabi/9.3.1/../../../../arm-none-eabi/lib/thumb/v7-m/nofp\libc_nano.a(lib_a-nano-msizer.o)
 .debug_frame   0x0000000000003d4c       0x5c c:/users/leo/eigene programme/stm32cubeide/stm32cubeide_1.4.0/stm32cubeide/plugins/com.st.stm32cube.ide.mcu.externaltools.gnu-tools-for-stm32.9-2020-q2-update.win32_2.0.0.202105311346/tools/bin/../lib/gcc/arm-none-eabi/9.3.1/../../../../arm-none-eabi/lib/thumb/v7-m/nofp\libc_nano.a(lib_a-reent.o)
 .debug_frame   0x0000000000003da8       0xb0 c:/users/leo/eigene programme/stm32cubeide/stm32cubeide_1.4.0/stm32cubeide/plugins/com.st.stm32cube.ide.mcu.externaltools.gnu-tools-for-stm32.9-2020-q2-update.win32_2.0.0.202105311346/tools/bin/../lib/gcc/arm-none-eabi/9.3.1/../../../../arm-none-eabi/lib/thumb/v7-m/nofp\libc_nano.a(lib_a-lock.o)
 .debug_frame   0x0000000000003e58       0xac c:/users/leo/eigene programme/stm32cubeide/stm32cubeide_1.4.0/stm32cubeide/plugins/com.st.stm32cube.ide.mcu.externaltools.gnu-tools-for-stm32.9-2020-q2-update.win32_2.0.0.202105311346/tools/bin/../lib/gcc/arm-none-eabi/9.3.1/thumb/v7-m/nofp\libgcc.a(_arm_addsubdf3.o)
 .debug_frame   0x0000000000003f04       0x50 c:/users/leo/eigene programme/stm32cubeide/stm32cubeide_1.4.0/stm32cubeide/plugins/com.st.stm32cube.ide.mcu.externaltools.gnu-tools-for-stm32.9-2020-q2-update.win32_2.0.0.202105311346/tools/bin/../lib/gcc/arm-none-eabi/9.3.1/thumb/v7-m/nofp\libgcc.a(_arm_muldivdf3.o)
 .debug_frame   0x0000000000003f54       0x24 c:/users/leo/eigene programme/stm32cubeide/stm32cubeide_1.4.0/stm32cubeide/plugins/com.st.stm32cube.ide.mcu.externaltools.gnu-tools-for-stm32.9-2020-q2-update.win32_2.0.0.202105311346/tools/bin/../lib/gcc/arm-none-eabi/9.3.1/thumb/v7-m/nofp\libgcc.a(_arm_fixunsdfsi.o)
 .debug_frame   0x0000000000003f78       0x4c c:/users/leo/eigene programme/stm32cubeide/stm32cubeide_1.4.0/stm32cubeide/plugins/com.st.stm32cube.ide.mcu.externaltools.gnu-tools-for-stm32.9-2020-q2-update.win32_2.0.0.202105311346/tools/bin/../lib/gcc/arm-none-eabi/9.3.1/thumb/v7-m/nofp\libgcc.a(_arm_addsubsf3.o)
 .debug_frame   0x0000000000003fc4       0x2c c:/users/leo/eigene programme/stm32cubeide/stm32cubeide_1.4.0/stm32cubeide/plugins/com.st.stm32cube.ide.mcu.externaltools.gnu-tools-for-stm32.9-2020-q2-update.win32_2.0.0.202105311346/tools/bin/../lib/gcc/arm-none-eabi/9.3.1/thumb/v7-m/nofp\libgcc.a(_aeabi_uldivmod.o)
 .debug_frame   0x0000000000003ff0       0x34 c:/users/leo/eigene programme/stm32cubeide/stm32cubeide_1.4.0/stm32cubeide/plugins/com.st.stm32cube.ide.mcu.externaltools.gnu-tools-for-stm32.9-2020-q2-update.win32_2.0.0.202105311346/tools/bin/../lib/gcc/arm-none-eabi/9.3.1/thumb/v7-m/nofp\libgcc.a(_udivmoddi4.o)