23:52:05 **** Incremental Build of configuration Debug for project 18650_UPS ****
make -j12 all 
arm-none-eabi-gcc "../Core/Src/main.c" -mcpu=cortex-m3 -std=gnu11 -g3 -DDEBUG -DUSE_HAL_DRIVER -DSTM32L151xC -c -I../Core/Inc -I../Drivers/STM32L1xx_HAL_Driver/Inc -I../Drivers/STM32L1xx_HAL_Driver/Inc/Legacy -I../Drivers/CMSIS/Device/ST/STM32L1xx/Include -I../Drivers/CMSIS/Include -O0 -ffunction-sections -fdata-sections -Wall -fstack-usage -MMD -MP -MF"Core/Src/main.d" -MT"Core/Src/main.o" --specs=nano.specs -mfloat-abi=soft -mthumb -o "Core/Src/main.o"
../Core/Src/main.c: In function 'main':
../Core/Src/main.c:170:14: warning: pointer targets in passing argument 1 of 'sprintf' differ in signedness [-Wpointer-sign]
  170 |      sprintf(charBuffer, "%u mV", temp);
      |              ^~~~~~~~~~
      |              |
      |              uint8_t * {aka unsigned char *}
In file included from ../Core/Src/main.c:26:
c:\users\leo\eigene programme\stm32cubeide\stm32cubeide_1.4.0\stm32cubeide\plugins\com.st.stm32cube.ide.mcu.externaltools.gnu-tools-for-stm32.9-2020-q2-update.win32_2.0.0.202105311346\tools\bin\../lib/gcc/arm-none-eabi/9.3.1/../../../../arm-none-eabi/include/stdio.h:244:14: note: expected 'char * restrict' but argument is of type 'uint8_t *' {aka 'unsigned char *'}
  244 | int sprintf (char *__restrict, const char *__restrict, ...)
      |              ^
../Core/Src/main.c:172:26: warning: passing argument 1 of 'ssd1306_WriteString' from incompatible pointer type [-Wincompatible-pointer-types]
  172 |      ssd1306_WriteString(&charBuffer, Font_11x18, White);
      |                          ^~~~~~~~~~~
      |                          |
      |                          uint8_t (*)[10] {aka unsigned char (*)[10]}
In file included from ../Core/Src/main.c:25:
../Core/Inc/ssd1306.h:116:32: note: expected 'char *' but argument is of type 'uint8_t (*)[10]' {aka 'unsigned char (*)[10]'}
  116 | char ssd1306_WriteString(char* str, FontDef Font, SSD1306_COLOR color);
      |                          ~~~~~~^~~
../Core/Src/main.c:173:14: warning: pointer targets in passing argument 1 of 'sprintf' differ in signedness [-Wpointer-sign]
  173 |      sprintf(charBuffer, "Voltage:");
      |              ^~~~~~~~~~
      |              |
      |              uint8_t * {aka unsigned char *}
In file included from ../Core/Src/main.c:26:
c:\users\leo\eigene programme\stm32cubeide\stm32cubeide_1.4.0\stm32cubeide\plugins\com.st.stm32cube.ide.mcu.externaltools.gnu-tools-for-stm32.9-2020-q2-update.win32_2.0.0.202105311346\tools\bin\../lib/gcc/arm-none-eabi/9.3.1/../../../../arm-none-eabi/include/stdio.h:244:14: note: expected 'char * restrict' but argument is of type 'uint8_t *' {aka 'unsigned char *'}
  244 | int sprintf (char *__restrict, const char *__restrict, ...)
      |              ^
../Core/Src/main.c:175:26: warning: passing argument 1 of 'ssd1306_WriteString' from incompatible pointer type [-Wincompatible-pointer-types]
  175 |      ssd1306_WriteString(&charBuffer, Font_7x10, White);
      |                          ^~~~~~~~~~~
      |                          |
      |                          uint8_t (*)[10] {aka unsigned char (*)[10]}
In file included from ../Core/Src/main.c:25:
../Core/Inc/ssd1306.h:116:32: note: expected 'char *' but argument is of type 'uint8_t (*)[10]' {aka 'unsigned char (*)[10]'}
  116 | char ssd1306_WriteString(char* str, FontDef Font, SSD1306_COLOR color);
      |                          ~~~~~~^~~
../Core/Src/main.c:183:14: warning: pointer targets in passing argument 1 of 'sprintf' differ in signedness [-Wpointer-sign]
  183 |      sprintf(charBuffer, "%u mA", temp);
      |              ^~~~~~~~~~
      |              |
      |              uint8_t * {aka unsigned char *}
In file included from ../Core/Src/main.c:26:
c:\users\leo\eigene programme\stm32cubeide\stm32cubeide_1.4.0\stm32cubeide\plugins\com.st.stm32cube.ide.mcu.externaltools.gnu-tools-for-stm32.9-2020-q2-update.win32_2.0.0.202105311346\tools\bin\../lib/gcc/arm-none-eabi/9.3.1/../../../../arm-none-eabi/include/stdio.h:244:14: note: expected 'char * restrict' but argument is of type 'uint8_t *' {aka 'unsigned char *'}
  244 | int sprintf (char *__restrict, const char *__restrict, ...)
      |              ^
../Core/Src/main.c:185:26: warning: passing argument 1 of 'ssd1306_WriteString' from incompatible pointer type [-Wincompatible-pointer-types]
  185 |      ssd1306_WriteString(&charBuffer, Font_11x18, White);
      |                          ^~~~~~~~~~~
      |                          |
      |                          uint8_t (*)[10] {aka unsigned char (*)[10]}
In file included from ../Core/Src/main.c:25:
../Core/Inc/ssd1306.h:116:32: note: expected 'char *' but argument is of type 'uint8_t (*)[10]' {aka 'unsigned char (*)[10]'}
  116 | char ssd1306_WriteString(char* str, FontDef Font, SSD1306_COLOR color);
      |                          ~~~~~~^~~
../Core/Src/main.c:186:14: warning: pointer targets in passing argument 1 of 'sprintf' differ in signedness [-Wpointer-sign]
  186 |      sprintf(charBuffer, "Current output:");
      |              ^~~~~~~~~~
      |              |
      |              uint8_t * {aka unsigned char *}
In file included from ../Core/Src/main.c:26:
c:\users\leo\eigene programme\stm32cubeide\stm32cubeide_1.4.0\stm32cubeide\plugins\com.st.stm32cube.ide.mcu.externaltools.gnu-tools-for-stm32.9-2020-q2-update.win32_2.0.0.202105311346\tools\bin\../lib/gcc/arm-none-eabi/9.3.1/../../../../arm-none-eabi/include/stdio.h:244:14: note: expected 'char * restrict' but argument is of type 'uint8_t *' {aka 'unsigned char *'}
  244 | int sprintf (char *__restrict, const char *__restrict, ...)
      |              ^
../Core/Src/main.c:188:26: warning: passing argument 1 of 'ssd1306_WriteString' from incompatible pointer type [-Wincompatible-pointer-types]
  188 |      ssd1306_WriteString(&charBuffer, Font_7x10, White);
      |                          ^~~~~~~~~~~
      |                          |
      |                          uint8_t (*)[10] {aka unsigned char (*)[10]}
In file included from ../Core/Src/main.c:25:
../Core/Inc/ssd1306.h:116:32: note: expected 'char *' but argument is of type 'uint8_t (*)[10]' {aka 'unsigned char (*)[10]'}
  116 | char ssd1306_WriteString(char* str, FontDef Font, SSD1306_COLOR color);
      |                          ~~~~~~^~~
../Core/Src/main.c:196:14: warning: pointer targets in passing argument 1 of 'sprintf' differ in signedness [-Wpointer-sign]
  196 |      sprintf(charBuffer, "%u mW", temp);
      |              ^~~~~~~~~~
      |              |
      |              uint8_t * {aka unsigned char *}
In file included from ../Core/Src/main.c:26:
c:\users\leo\eigene programme\stm32cubeide\stm32cubeide_1.4.0\stm32cubeide\plugins\com.st.stm32cube.ide.mcu.externaltools.gnu-tools-for-stm32.9-2020-q2-update.win32_2.0.0.202105311346\tools\bin\../lib/gcc/arm-none-eabi/9.3.1/../../../../arm-none-eabi/include/stdio.h:244:14: note: expected 'char * restrict' but argument is of type 'uint8_t *' {aka 'unsigned char *'}
  244 | int sprintf (char *__restrict, const char *__restrict, ...)
      |              ^
../Core/Src/main.c:198:26: warning: passing argument 1 of 'ssd1306_WriteString' from incompatible pointer type [-Wincompatible-pointer-types]
  198 |      ssd1306_WriteString(&charBuffer, Font_11x18, White);
      |                          ^~~~~~~~~~~
      |                          |
      |                          uint8_t (*)[10] {aka unsigned char (*)[10]}
In file included from ../Core/Src/main.c:25:
../Core/Inc/ssd1306.h:116:32: note: expected 'char *' but argument is of type 'uint8_t (*)[10]' {aka 'unsigned char (*)[10]'}
  116 | char ssd1306_WriteString(char* str, FontDef Font, SSD1306_COLOR color);
      |                          ~~~~~~^~~
../Core/Src/main.c:199:14: warning: pointer targets in passing argument 1 of 'sprintf' differ in signedness [-Wpointer-sign]
  199 |      sprintf(charBuffer, "Power output:");
      |              ^~~~~~~~~~
      |              |
      |              uint8_t * {aka unsigned char *}
In file included from ../Core/Src/main.c:26:
c:\users\leo\eigene programme\stm32cubeide\stm32cubeide_1.4.0\stm32cubeide\plugins\com.st.stm32cube.ide.mcu.externaltools.gnu-tools-for-stm32.9-2020-q2-update.win32_2.0.0.202105311346\tools\bin\../lib/gcc/arm-none-eabi/9.3.1/../../../../arm-none-eabi/include/stdio.h:244:14: note: expected 'char * restrict' but argument is of type 'uint8_t *' {aka 'unsigned char *'}
  244 | int sprintf (char *__restrict, const char *__restrict, ...)
      |              ^
../Core/Src/main.c:201:26: warning: passing argument 1 of 'ssd1306_WriteString' from incompatible pointer type [-Wincompatible-pointer-types]
  201 |      ssd1306_WriteString(&charBuffer, Font_7x10, White);
      |                          ^~~~~~~~~~~
      |                          |
      |                          uint8_t (*)[10] {aka unsigned char (*)[10]}
In file included from ../Core/Src/main.c:25:
../Core/Inc/ssd1306.h:116:32: note: expected 'char *' but argument is of type 'uint8_t (*)[10]' {aka 'unsigned char (*)[10]'}
  116 | char ssd1306_WriteString(char* str, FontDef Font, SSD1306_COLOR color);
      |                          ~~~~~~^~~
../Core/Src/main.c:210:14: warning: pointer targets in passing argument 1 of 'sprintf' differ in signedness [-Wpointer-sign]
  210 |      sprintf(charBuffer, "%u C", temp);
      |              ^~~~~~~~~~
      |              |
      |              uint8_t * {aka unsigned char *}
In file included from ../Core/Src/main.c:26:
c:\users\leo\eigene programme\stm32cubeide\stm32cubeide_1.4.0\stm32cubeide\plugins\com.st.stm32cube.ide.mcu.externaltools.gnu-tools-for-stm32.9-2020-q2-update.win32_2.0.0.202105311346\tools\bin\../lib/gcc/arm-none-eabi/9.3.1/../../../../arm-none-eabi/include/stdio.h:244:14: note: expected 'char * restrict' but argument is of type 'uint8_t *' {aka 'unsigned char *'}
  244 | int sprintf (char *__restrict, const char *__restrict, ...)
      |              ^
../Core/Src/main.c:212:26: warning: passing argument 1 of 'ssd1306_WriteString' from incompatible pointer type [-Wincompatible-pointer-types]
  212 |      ssd1306_WriteString(&charBuffer, Font_11x18, White);
      |                          ^~~~~~~~~~~
      |                          |
      |                          uint8_t (*)[10] {aka unsigned char (*)[10]}
In file included from ../Core/Src/main.c:25:
../Core/Inc/ssd1306.h:116:32: note: expected 'char *' but argument is of type 'uint8_t (*)[10]' {aka 'unsigned char (*)[10]'}
  116 | char ssd1306_WriteString(char* str, FontDef Font, SSD1306_COLOR color);
      |                          ~~~~~~^~~
../Core/Src/main.c:213:14: warning: pointer targets in passing argument 1 of 'sprintf' differ in signedness [-Wpointer-sign]
  213 |      sprintf(charBuffer, "Board temperature:");
      |              ^~~~~~~~~~
      |              |
      |              uint8_t * {aka unsigned char *}
In file included from ../Core/Src/main.c:26:
c:\users\leo\eigene programme\stm32cubeide\stm32cubeide_1.4.0\stm32cubeide\plugins\com.st.stm32cube.ide.mcu.externaltools.gnu-tools-for-stm32.9-2020-q2-update.win32_2.0.0.202105311346\tools\bin\../lib/gcc/arm-none-eabi/9.3.1/../../../../arm-none-eabi/include/stdio.h:244:14: note: expected 'char * restrict' but argument is of type 'uint8_t *' {aka 'unsigned char *'}
  244 | int sprintf (char *__restrict, const char *__restrict, ...)
      |              ^
../Core/Src/main.c:215:26: warning: passing argument 1 of 'ssd1306_WriteString' from incompatible pointer type [-Wincompatible-pointer-types]
  215 |      ssd1306_WriteString(&charBuffer, Font_7x10, White);
      |                          ^~~~~~~~~~~
      |                          |
      |                          uint8_t (*)[10] {aka unsigned char (*)[10]}
In file included from ../Core/Src/main.c:25:
../Core/Inc/ssd1306.h:116:32: note: expected 'char *' but argument is of type 'uint8_t (*)[10]' {aka 'unsigned char (*)[10]'}
  116 | char ssd1306_WriteString(char* str, FontDef Font, SSD1306_COLOR color);
      |                          ~~~~~~^~~
../Core/Src/main.c:225:16: warning: pointer targets in passing argument 1 of 'sprintf' differ in signedness [-Wpointer-sign]
  225 |        sprintf(charBuffer, "No charger");
      |                ^~~~~~~~~~
      |                |
      |                uint8_t * {aka unsigned char *}
In file included from ../Core/Src/main.c:26:
c:\users\leo\eigene programme\stm32cubeide\stm32cubeide_1.4.0\stm32cubeide\plugins\com.st.stm32cube.ide.mcu.externaltools.gnu-tools-for-stm32.9-2020-q2-update.win32_2.0.0.202105311346\tools\bin\../lib/gcc/arm-none-eabi/9.3.1/../../../../arm-none-eabi/include/stdio.h:244:14: note: expected 'char * restrict' but argument is of type 'uint8_t *' {aka 'unsigned char *'}
  244 | int sprintf (char *__restrict, const char *__restrict, ...)
      |              ^
../Core/Src/main.c:227:28: warning: passing argument 1 of 'ssd1306_WriteString' from incompatible pointer type [-Wincompatible-pointer-types]
  227 |        ssd1306_WriteString(&charBuffer, Font_11x18, White);
      |                            ^~~~~~~~~~~
      |                            |
      |                            uint8_t (*)[10] {aka unsigned char (*)[10]}
In file included from ../Core/Src/main.c:25:
../Core/Inc/ssd1306.h:116:32: note: expected 'char *' but argument is of type 'uint8_t (*)[10]' {aka 'unsigned char (*)[10]'}
  116 | char ssd1306_WriteString(char* str, FontDef Font, SSD1306_COLOR color);
      |                          ~~~~~~^~~
../Core/Src/main.c:230:16: warning: pointer targets in passing argument 1 of 'sprintf' differ in signedness [-Wpointer-sign]
  230 |        sprintf(charBuffer, "Pre charge");
      |                ^~~~~~~~~~
      |                |
      |                uint8_t * {aka unsigned char *}
In file included from ../Core/Src/main.c:26:
c:\users\leo\eigene programme\stm32cubeide\stm32cubeide_1.4.0\stm32cubeide\plugins\com.st.stm32cube.ide.mcu.externaltools.gnu-tools-for-stm32.9-2020-q2-update.win32_2.0.0.202105311346\tools\bin\../lib/gcc/arm-none-eabi/9.3.1/../../../../arm-none-eabi/include/stdio.h:244:14: note: expected 'char * restrict' but argument is of type 'uint8_t *' {aka 'unsigned char *'}
  244 | int sprintf (char *__restrict, const char *__restrict, ...)
      |              ^
../Core/Src/main.c:232:28: warning: passing argument 1 of 'ssd1306_WriteString' from incompatible pointer type [-Wincompatible-pointer-types]
  232 |        ssd1306_WriteString(&charBuffer, Font_11x18, White);
      |                            ^~~~~~~~~~~
      |                            |
      |                            uint8_t (*)[10] {aka unsigned char (*)[10]}
In file included from ../Core/Src/main.c:25:
../Core/Inc/ssd1306.h:116:32: note: expected 'char *' but argument is of type 'uint8_t (*)[10]' {aka 'unsigned char (*)[10]'}
  116 | char ssd1306_WriteString(char* str, FontDef Font, SSD1306_COLOR color);
      |                          ~~~~~~^~~
../Core/Src/main.c:235:16: warning: pointer targets in passing argument 1 of 'sprintf' differ in signedness [-Wpointer-sign]
  235 |        sprintf(charBuffer, "Charging...");
      |                ^~~~~~~~~~
      |                |
      |                uint8_t * {aka unsigned char *}
In file included from ../Core/Src/main.c:26:
c:\users\leo\eigene programme\stm32cubeide\stm32cubeide_1.4.0\stm32cubeide\plugins\com.st.stm32cube.ide.mcu.externaltools.gnu-tools-for-stm32.9-2020-q2-update.win32_2.0.0.202105311346\tools\bin\../lib/gcc/arm-none-eabi/9.3.1/../../../../arm-none-eabi/include/stdio.h:244:14: note: expected 'char * restrict' but argument is of type 'uint8_t *' {aka 'unsigned char *'}
  244 | int sprintf (char *__restrict, const char *__restrict, ...)
      |              ^
../Core/Src/main.c:237:28: warning: passing argument 1 of 'ssd1306_WriteString' from incompatible pointer type [-Wincompatible-pointer-types]
  237 |        ssd1306_WriteString(&charBuffer, Font_11x18, White);
      |                            ^~~~~~~~~~~
      |                            |
      |                            uint8_t (*)[10] {aka unsigned char (*)[10]}
In file included from ../Core/Src/main.c:25:
../Core/Inc/ssd1306.h:116:32: note: expected 'char *' but argument is of type 'uint8_t (*)[10]' {aka 'unsigned char (*)[10]'}
  116 | char ssd1306_WriteString(char* str, FontDef Font, SSD1306_COLOR color);
      |                          ~~~~~~^~~
../Core/Src/main.c:240:16: warning: pointer targets in passing argument 1 of 'sprintf' differ in signedness [-Wpointer-sign]
  240 |        sprintf(charBuffer, "Done!");
      |                ^~~~~~~~~~
      |                |
      |                uint8_t * {aka unsigned char *}
In file included from ../Core/Src/main.c:26:
c:\users\leo\eigene programme\stm32cubeide\stm32cubeide_1.4.0\stm32cubeide\plugins\com.st.stm32cube.ide.mcu.externaltools.gnu-tools-for-stm32.9-2020-q2-update.win32_2.0.0.202105311346\tools\bin\../lib/gcc/arm-none-eabi/9.3.1/../../../../arm-none-eabi/include/stdio.h:244:14: note: expected 'char * restrict' but argument is of type 'uint8_t *' {aka 'unsigned char *'}
  244 | int sprintf (char *__restrict, const char *__restrict, ...)
      |              ^
../Core/Src/main.c:242:28: warning: passing argument 1 of 'ssd1306_WriteString' from incompatible pointer type [-Wincompatible-pointer-types]
  242 |        ssd1306_WriteString(&charBuffer, Font_11x18, White);
      |                            ^~~~~~~~~~~
      |                            |
      |                            uint8_t (*)[10] {aka unsigned char (*)[10]}
In file included from ../Core/Src/main.c:25:
../Core/Inc/ssd1306.h:116:32: note: expected 'char *' but argument is of type 'uint8_t (*)[10]' {aka 'unsigned char (*)[10]'}
  116 | char ssd1306_WriteString(char* str, FontDef Font, SSD1306_COLOR color);
      |                          ~~~~~~^~~
../Core/Src/main.c:247:14: warning: pointer targets in passing argument 1 of 'sprintf' differ in signedness [-Wpointer-sign]
  247 |      sprintf(charBuffer, "Charge status:");
      |              ^~~~~~~~~~
      |              |
      |              uint8_t * {aka unsigned char *}
In file included from ../Core/Src/main.c:26:
c:\users\leo\eigene programme\stm32cubeide\stm32cubeide_1.4.0\stm32cubeide\plugins\com.st.stm32cube.ide.mcu.externaltools.gnu-tools-for-stm32.9-2020-q2-update.win32_2.0.0.202105311346\tools\bin\../lib/gcc/arm-none-eabi/9.3.1/../../../../arm-none-eabi/include/stdio.h:244:14: note: expected 'char * restrict' but argument is of type 'uint8_t *' {aka 'unsigned char *'}
  244 | int sprintf (char *__restrict, const char *__restrict, ...)
      |              ^
../Core/Src/main.c:249:26: warning: passing argument 1 of 'ssd1306_WriteString' from incompatible pointer type [-Wincompatible-pointer-types]
  249 |      ssd1306_WriteString(&charBuffer, Font_7x10, White);
      |                          ^~~~~~~~~~~
      |                          |
      |                          uint8_t (*)[10] {aka unsigned char (*)[10]}
In file included from ../Core/Src/main.c:25:
../Core/Inc/ssd1306.h:116:32: note: expected 'char *' but argument is of type 'uint8_t (*)[10]' {aka 'unsigned char (*)[10]'}
  116 | char ssd1306_WriteString(char* str, FontDef Font, SSD1306_COLOR color);
      |                          ~~~~~~^~~
../Core/Src/main.c:255:15: warning: pointer targets in passing argument 1 of 'sprintf' differ in signedness [-Wpointer-sign]
  255 |       sprintf(charBuffer, "OFF");
      |               ^~~~~~~~~~
      |               |
      |               uint8_t * {aka unsigned char *}
In file included from ../Core/Src/main.c:26:
c:\users\leo\eigene programme\stm32cubeide\stm32cubeide_1.4.0\stm32cubeide\plugins\com.st.stm32cube.ide.mcu.externaltools.gnu-tools-for-stm32.9-2020-q2-update.win32_2.0.0.202105311346\tools\bin\../lib/gcc/arm-none-eabi/9.3.1/../../../../arm-none-eabi/include/stdio.h:244:14: note: expected 'char * restrict' but argument is of type 'uint8_t *' {aka 'unsigned char *'}
  244 | int sprintf (char *__restrict, const char *__restrict, ...)
      |              ^
../Core/Src/main.c:257:27: warning: passing argument 1 of 'ssd1306_WriteString' from incompatible pointer type [-Wincompatible-pointer-types]
  257 |       ssd1306_WriteString(&charBuffer, Font_11x18, Black);
      |                           ^~~~~~~~~~~
      |                           |
      |                           uint8_t (*)[10] {aka unsigned char (*)[10]}
In file included from ../Core/Src/main.c:25:
../Core/Inc/ssd1306.h:116:32: note: expected 'char *' but argument is of type 'uint8_t (*)[10]' {aka 'unsigned char (*)[10]'}
  116 | char ssd1306_WriteString(char* str, FontDef Font, SSD1306_COLOR color);
      |                          ~~~~~~^~~
../Core/Src/main.c:258:15: warning: pointer targets in passing argument 1 of 'sprintf' differ in signedness [-Wpointer-sign]
  258 |       sprintf(charBuffer, "ON ");
      |               ^~~~~~~~~~
      |               |
      |               uint8_t * {aka unsigned char *}
In file included from ../Core/Src/main.c:26:
c:\users\leo\eigene programme\stm32cubeide\stm32cubeide_1.4.0\stm32cubeide\plugins\com.st.stm32cube.ide.mcu.externaltools.gnu-tools-for-stm32.9-2020-q2-update.win32_2.0.0.202105311346\tools\bin\../lib/gcc/arm-none-eabi/9.3.1/../../../../arm-none-eabi/include/stdio.h:244:14: note: expected 'char * restrict' but argument is of type 'uint8_t *' {aka 'unsigned char *'}
  244 | int sprintf (char *__restrict, const char *__restrict, ...)
      |              ^
../Core/Src/main.c:260:27: warning: passing argument 1 of 'ssd1306_WriteString' from incompatible pointer type [-Wincompatible-pointer-types]
  260 |       ssd1306_WriteString(&charBuffer, Font_11x18, White);
      |                           ^~~~~~~~~~~
      |                           |
      |                           uint8_t (*)[10] {aka unsigned char (*)[10]}
In file included from ../Core/Src/main.c:25:
../Core/Inc/ssd1306.h:116:32: note: expected 'char *' but argument is of type 'uint8_t (*)[10]' {aka 'unsigned char (*)[10]'}
  116 | char ssd1306_WriteString(char* str, FontDef Font, SSD1306_COLOR color);
      |                          ~~~~~~^~~
../Core/Src/main.c:262:15: warning: pointer targets in passing argument 1 of 'sprintf' differ in signedness [-Wpointer-sign]
  262 |       sprintf(charBuffer, "OFF");
      |               ^~~~~~~~~~
      |               |
      |               uint8_t * {aka unsigned char *}
In file included from ../Core/Src/main.c:26:
c:\users\leo\eigene programme\stm32cubeide\stm32cubeide_1.4.0\stm32cubeide\plugins\com.st.stm32cube.ide.mcu.externaltools.gnu-tools-for-stm32.9-2020-q2-update.win32_2.0.0.202105311346\tools\bin\../lib/gcc/arm-none-eabi/9.3.1/../../../../arm-none-eabi/include/stdio.h:244:14: note: expected 'char * restrict' but argument is of type 'uint8_t *' {aka 'unsigned char *'}
  244 | int sprintf (char *__restrict, const char *__restrict, ...)
      |              ^
../Core/Src/main.c:264:27: warning: passing argument 1 of 'ssd1306_WriteString' from incompatible pointer type [-Wincompatible-pointer-types]
  264 |       ssd1306_WriteString(&charBuffer, Font_11x18, White);
      |                           ^~~~~~~~~~~
      |                           |
      |                           uint8_t (*)[10] {aka unsigned char (*)[10]}
In file included from ../Core/Src/main.c:25:
../Core/Inc/ssd1306.h:116:32: note: expected 'char *' but argument is of type 'uint8_t (*)[10]' {aka 'unsigned char (*)[10]'}
  116 | char ssd1306_WriteString(char* str, FontDef Font, SSD1306_COLOR color);
      |                          ~~~~~~^~~
../Core/Src/main.c:265:15: warning: pointer targets in passing argument 1 of 'sprintf' differ in signedness [-Wpointer-sign]
  265 |       sprintf(charBuffer, "ON ");
      |               ^~~~~~~~~~
      |               |
      |               uint8_t * {aka unsigned char *}
In file included from ../Core/Src/main.c:26:
c:\users\leo\eigene programme\stm32cubeide\stm32cubeide_1.4.0\stm32cubeide\plugins\com.st.stm32cube.ide.mcu.externaltools.gnu-tools-for-stm32.9-2020-q2-update.win32_2.0.0.202105311346\tools\bin\../lib/gcc/arm-none-eabi/9.3.1/../../../../arm-none-eabi/include/stdio.h:244:14: note: expected 'char * restrict' but argument is of type 'uint8_t *' {aka 'unsigned char *'}
  244 | int sprintf (char *__restrict, const char *__restrict, ...)
      |              ^
../Core/Src/main.c:267:27: warning: passing argument 1 of 'ssd1306_WriteString' from incompatible pointer type [-Wincompatible-pointer-types]
  267 |       ssd1306_WriteString(&charBuffer, Font_11x18, Black);
      |                           ^~~~~~~~~~~
      |                           |
      |                           uint8_t (*)[10] {aka unsigned char (*)[10]}
In file included from ../Core/Src/main.c:25:
../Core/Inc/ssd1306.h:116:32: note: expected 'char *' but argument is of type 'uint8_t (*)[10]' {aka 'unsigned char (*)[10]'}
  116 | char ssd1306_WriteString(char* str, FontDef Font, SSD1306_COLOR color);
      |                          ~~~~~~^~~
../Core/Src/main.c:272:14: warning: pointer targets in passing argument 1 of 'sprintf' differ in signedness [-Wpointer-sign]
  272 |      sprintf(charBuffer, "Charge control:");
      |              ^~~~~~~~~~
      |              |
      |              uint8_t * {aka unsigned char *}
In file included from ../Core/Src/main.c:26:
c:\users\leo\eigene programme\stm32cubeide\stm32cubeide_1.4.0\stm32cubeide\plugins\com.st.stm32cube.ide.mcu.externaltools.gnu-tools-for-stm32.9-2020-q2-update.win32_2.0.0.202105311346\tools\bin\../lib/gcc/arm-none-eabi/9.3.1/../../../../arm-none-eabi/include/stdio.h:244:14: note: expected 'char * restrict' but argument is of type 'uint8_t *' {aka 'unsigned char *'}
  244 | int sprintf (char *__restrict, const char *__restrict, ...)
      |              ^
../Core/Src/main.c:274:26: warning: passing argument 1 of 'ssd1306_WriteString' from incompatible pointer type [-Wincompatible-pointer-types]
  274 |      ssd1306_WriteString(&charBuffer, Font_7x10, White);
      |                          ^~~~~~~~~~~
      |                          |
      |                          uint8_t (*)[10] {aka unsigned char (*)[10]}
In file included from ../Core/Src/main.c:25:
../Core/Inc/ssd1306.h:116:32: note: expected 'char *' but argument is of type 'uint8_t (*)[10]' {aka 'unsigned char (*)[10]'}
  116 | char ssd1306_WriteString(char* str, FontDef Font, SSD1306_COLOR color);
      |                          ~~~~~~^~~
../Core/Src/main.c:280:15: warning: pointer targets in passing argument 1 of 'sprintf' differ in signedness [-Wpointer-sign]
  280 |       sprintf(charBuffer, "0.5A");
      |               ^~~~~~~~~~
      |               |
      |               uint8_t * {aka unsigned char *}
In file included from ../Core/Src/main.c:26:
c:\users\leo\eigene programme\stm32cubeide\stm32cubeide_1.4.0\stm32cubeide\plugins\com.st.stm32cube.ide.mcu.externaltools.gnu-tools-for-stm32.9-2020-q2-update.win32_2.0.0.202105311346\tools\bin\../lib/gcc/arm-none-eabi/9.3.1/../../../../arm-none-eabi/include/stdio.h:244:14: note: expected 'char * restrict' but argument is of type 'uint8_t *' {aka 'unsigned char *'}
  244 | int sprintf (char *__restrict, const char *__restrict, ...)
      |              ^
../Core/Src/main.c:282:27: warning: passing argument 1 of 'ssd1306_WriteString' from incompatible pointer type [-Wincompatible-pointer-types]
  282 |       ssd1306_WriteString(&charBuffer, Font_11x18, Black);
      |                           ^~~~~~~~~~~
      |                           |
      |                           uint8_t (*)[10] {aka unsigned char (*)[10]}
In file included from ../Core/Src/main.c:25:
../Core/Inc/ssd1306.h:116:32: note: expected 'char *' but argument is of type 'uint8_t (*)[10]' {aka 'unsigned char (*)[10]'}
  116 | char ssd1306_WriteString(char* str, FontDef Font, SSD1306_COLOR color);
      |                          ~~~~~~^~~
../Core/Src/main.c:283:15: warning: pointer targets in passing argument 1 of 'sprintf' differ in signedness [-Wpointer-sign]
  283 |       sprintf(charBuffer, "1.0A");
      |               ^~~~~~~~~~
      |               |
      |               uint8_t * {aka unsigned char *}
In file included from ../Core/Src/main.c:26:
c:\users\leo\eigene programme\stm32cubeide\stm32cubeide_1.4.0\stm32cubeide\plugins\com.st.stm32cube.ide.mcu.externaltools.gnu-tools-for-stm32.9-2020-q2-update.win32_2.0.0.202105311346\tools\bin\../lib/gcc/arm-none-eabi/9.3.1/../../../../arm-none-eabi/include/stdio.h:244:14: note: expected 'char * restrict' but argument is of type 'uint8_t *' {aka 'unsigned char *'}
  244 | int sprintf (char *__restrict, const char *__restrict, ...)
      |              ^
../Core/Src/main.c:285:27: warning: passing argument 1 of 'ssd1306_WriteString' from incompatible pointer type [-Wincompatible-pointer-types]
  285 |       ssd1306_WriteString(&charBuffer, Font_11x18, White);
      |                           ^~~~~~~~~~~
      |                           |
      |                           uint8_t (*)[10] {aka unsigned char (*)[10]}
In file included from ../Core/Src/main.c:25:
../Core/Inc/ssd1306.h:116:32: note: expected 'char *' but argument is of type 'uint8_t (*)[10]' {aka 'unsigned char (*)[10]'}
  116 | char ssd1306_WriteString(char* str, FontDef Font, SSD1306_COLOR color);
      |                          ~~~~~~^~~
../Core/Src/main.c:287:15: warning: pointer targets in passing argument 1 of 'sprintf' differ in signedness [-Wpointer-sign]
  287 |       sprintf(charBuffer, "0.5A");
      |               ^~~~~~~~~~
      |               |
      |               uint8_t * {aka unsigned char *}
In file included from ../Core/Src/main.c:26:
c:\users\leo\eigene programme\stm32cubeide\stm32cubeide_1.4.0\stm32cubeide\plugins\com.st.stm32cube.ide.mcu.externaltools.gnu-tools-for-stm32.9-2020-q2-update.win32_2.0.0.202105311346\tools\bin\../lib/gcc/arm-none-eabi/9.3.1/../../../../arm-none-eabi/include/stdio.h:244:14: note: expected 'char * restrict' but argument is of type 'uint8_t *' {aka 'unsigned char *'}
  244 | int sprintf (char *__restrict, const char *__restrict, ...)
      |              ^
../Core/Src/main.c:289:27: warning: passing argument 1 of 'ssd1306_WriteString' from incompatible pointer type [-Wincompatible-pointer-types]
  289 |       ssd1306_WriteString(&charBuffer, Font_11x18, White);
      |                           ^~~~~~~~~~~
      |                           |
      |                           uint8_t (*)[10] {aka unsigned char (*)[10]}
In file included from ../Core/Src/main.c:25:
../Core/Inc/ssd1306.h:116:32: note: expected 'char *' but argument is of type 'uint8_t (*)[10]' {aka 'unsigned char (*)[10]'}
  116 | char ssd1306_WriteString(char* str, FontDef Font, SSD1306_COLOR color);
      |                          ~~~~~~^~~
../Core/Src/main.c:290:15: warning: pointer targets in passing argument 1 of 'sprintf' differ in signedness [-Wpointer-sign]
  290 |       sprintf(charBuffer, "1.0A ");
      |               ^~~~~~~~~~
      |               |
      |               uint8_t * {aka unsigned char *}
In file included from ../Core/Src/main.c:26:
c:\users\leo\eigene programme\stm32cubeide\stm32cubeide_1.4.0\stm32cubeide\plugins\com.st.stm32cube.ide.mcu.externaltools.gnu-tools-for-stm32.9-2020-q2-update.win32_2.0.0.202105311346\tools\bin\../lib/gcc/arm-none-eabi/9.3.1/../../../../arm-none-eabi/include/stdio.h:244:14: note: expected 'char * restrict' but argument is of type 'uint8_t *' {aka 'unsigned char *'}
  244 | int sprintf (char *__restrict, const char *__restrict, ...)
      |              ^
../Core/Src/main.c:292:27: warning: passing argument 1 of 'ssd1306_WriteString' from incompatible pointer type [-Wincompatible-pointer-types]
  292 |       ssd1306_WriteString(&charBuffer, Font_11x18, Black);
      |                           ^~~~~~~~~~~
      |                           |
      |                           uint8_t (*)[10] {aka unsigned char (*)[10]}
In file included from ../Core/Src/main.c:25:
../Core/Inc/ssd1306.h:116:32: note: expected 'char *' but argument is of type 'uint8_t (*)[10]' {aka 'unsigned char (*)[10]'}
  116 | char ssd1306_WriteString(char* str, FontDef Font, SSD1306_COLOR color);
      |                          ~~~~~~^~~
../Core/Src/main.c:296:14: warning: pointer targets in passing argument 1 of 'sprintf' differ in signedness [-Wpointer-sign]
  296 |      sprintf(charBuffer, "USB current limit:");
      |              ^~~~~~~~~~
      |              |
      |              uint8_t * {aka unsigned char *}
In file included from ../Core/Src/main.c:26:
c:\users\leo\eigene programme\stm32cubeide\stm32cubeide_1.4.0\stm32cubeide\plugins\com.st.stm32cube.ide.mcu.externaltools.gnu-tools-for-stm32.9-2020-q2-update.win32_2.0.0.202105311346\tools\bin\../lib/gcc/arm-none-eabi/9.3.1/../../../../arm-none-eabi/include/stdio.h:244:14: note: expected 'char * restrict' but argument is of type 'uint8_t *' {aka 'unsigned char *'}
  244 | int sprintf (char *__restrict, const char *__restrict, ...)
      |              ^
../Core/Src/main.c:298:26: warning: passing argument 1 of 'ssd1306_WriteString' from incompatible pointer type [-Wincompatible-pointer-types]
  298 |      ssd1306_WriteString(&charBuffer, Font_7x10, White);
      |                          ^~~~~~~~~~~
      |                          |
      |                          uint8_t (*)[10] {aka unsigned char (*)[10]}
In file included from ../Core/Src/main.c:25:
../Core/Inc/ssd1306.h:116:32: note: expected 'char *' but argument is of type 'uint8_t (*)[10]' {aka 'unsigned char (*)[10]'}
  116 | char ssd1306_WriteString(char* str, FontDef Font, SSD1306_COLOR color);
      |                          ~~~~~~^~~
../Core/Src/main.c:305:16: warning: pointer targets in passing argument 1 of 'sprintf' differ in signedness [-Wpointer-sign]
  305 |        sprintf(charBuffer, "100");
      |                ^~~~~~~~~~
      |                |
      |                uint8_t * {aka unsigned char *}
In file included from ../Core/Src/main.c:26:
c:\users\leo\eigene programme\stm32cubeide\stm32cubeide_1.4.0\stm32cubeide\plugins\com.st.stm32cube.ide.mcu.externaltools.gnu-tools-for-stm32.9-2020-q2-update.win32_2.0.0.202105311346\tools\bin\../lib/gcc/arm-none-eabi/9.3.1/../../../../arm-none-eabi/include/stdio.h:244:14: note: expected 'char * restrict' but argument is of type 'uint8_t *' {aka 'unsigned char *'}
  244 | int sprintf (char *__restrict, const char *__restrict, ...)
      |              ^
../Core/Src/main.c:308:16: warning: pointer targets in passing argument 1 of 'sprintf' differ in signedness [-Wpointer-sign]
  308 |        sprintf(charBuffer, "75");
      |                ^~~~~~~~~~
      |                |
      |                uint8_t * {aka unsigned char *}
In file included from ../Core/Src/main.c:26:
c:\users\leo\eigene programme\stm32cubeide\stm32cubeide_1.4.0\stm32cubeide\plugins\com.st.stm32cube.ide.mcu.externaltools.gnu-tools-for-stm32.9-2020-q2-update.win32_2.0.0.202105311346\tools\bin\../lib/gcc/arm-none-eabi/9.3.1/../../../../arm-none-eabi/include/stdio.h:244:14: note: expected 'char * restrict' but argument is of type 'uint8_t *' {aka 'unsigned char *'}
  244 | int sprintf (char *__restrict, const char *__restrict, ...)
      |              ^
../Core/Src/main.c:311:16: warning: pointer targets in passing argument 1 of 'sprintf' differ in signedness [-Wpointer-sign]
  311 |        sprintf(charBuffer, "50");
      |                ^~~~~~~~~~
      |                |
      |                uint8_t * {aka unsigned char *}
In file included from ../Core/Src/main.c:26:
c:\users\leo\eigene programme\stm32cubeide\stm32cubeide_1.4.0\stm32cubeide\plugins\com.st.stm32cube.ide.mcu.externaltools.gnu-tools-for-stm32.9-2020-q2-update.win32_2.0.0.202105311346\tools\bin\../lib/gcc/arm-none-eabi/9.3.1/../../../../arm-none-eabi/include/stdio.h:244:14: note: expected 'char * restrict' but argument is of type 'uint8_t *' {aka 'unsigned char *'}
  244 | int sprintf (char *__restrict, const char *__restrict, ...)
      |              ^
../Core/Src/main.c:314:16: warning: pointer targets in passing argument 1 of 'sprintf' differ in signedness [-Wpointer-sign]
  314 |        sprintf(charBuffer, "25");
      |                ^~~~~~~~~~
      |                |
      |                uint8_t * {aka unsigned char *}
In file included from ../Core/Src/main.c:26:
c:\users\leo\eigene programme\stm32cubeide\stm32cubeide_1.4.0\stm32cubeide\plugins\com.st.stm32cube.ide.mcu.externaltools.gnu-tools-for-stm32.9-2020-q2-update.win32_2.0.0.202105311346\tools\bin\../lib/gcc/arm-none-eabi/9.3.1/../../../../arm-none-eabi/include/stdio.h:244:14: note: expected 'char * restrict' but argument is of type 'uint8_t *' {aka 'unsigned char *'}
  244 | int sprintf (char *__restrict, const char *__restrict, ...)
      |              ^
../Core/Src/main.c:317:16: warning: pointer targets in passing argument 1 of 'sprintf' differ in signedness [-Wpointer-sign]
  317 |        sprintf(charBuffer, "0");
      |                ^~~~~~~~~~
      |                |
      |                uint8_t * {aka unsigned char *}
In file included from ../Core/Src/main.c:26:
c:\users\leo\eigene programme\stm32cubeide\stm32cubeide_1.4.0\stm32cubeide\plugins\com.st.stm32cube.ide.mcu.externaltools.gnu-tools-for-stm32.9-2020-q2-update.win32_2.0.0.202105311346\tools\bin\../lib/gcc/arm-none-eabi/9.3.1/../../../../arm-none-eabi/include/stdio.h:244:14: note: expected 'char * restrict' but argument is of type 'uint8_t *' {aka 'unsigned char *'}
  244 | int sprintf (char *__restrict, const char *__restrict, ...)
      |              ^
../Core/Src/main.c:324:26: warning: passing argument 1 of 'ssd1306_WriteString' from incompatible pointer type [-Wincompatible-pointer-types]
  324 |      ssd1306_WriteString(&charBuffer, Font_11x18, White);
      |                          ^~~~~~~~~~~
      |                          |
      |                          uint8_t (*)[10] {aka unsigned char (*)[10]}
In file included from ../Core/Src/main.c:25:
../Core/Inc/ssd1306.h:116:32: note: expected 'char *' but argument is of type 'uint8_t (*)[10]' {aka 'unsigned char (*)[10]'}
  116 | char ssd1306_WriteString(char* str, FontDef Font, SSD1306_COLOR color);
      |                          ~~~~~~^~~
../Core/Src/main.c:325:14: warning: pointer targets in passing argument 1 of 'sprintf' differ in signedness [-Wpointer-sign]
  325 |      sprintf(charBuffer, "Screen brightness:");
      |              ^~~~~~~~~~
      |              |
      |              uint8_t * {aka unsigned char *}
In file included from ../Core/Src/main.c:26:
c:\users\leo\eigene programme\stm32cubeide\stm32cubeide_1.4.0\stm32cubeide\plugins\com.st.stm32cube.ide.mcu.externaltools.gnu-tools-for-stm32.9-2020-q2-update.win32_2.0.0.202105311346\tools\bin\../lib/gcc/arm-none-eabi/9.3.1/../../../../arm-none-eabi/include/stdio.h:244:14: note: expected 'char * restrict' but argument is of type 'uint8_t *' {aka 'unsigned char *'}
  244 | int sprintf (char *__restrict, const char *__restrict, ...)
      |              ^
../Core/Src/main.c:327:26: warning: passing argument 1 of 'ssd1306_WriteString' from incompatible pointer type [-Wincompatible-pointer-types]
  327 |      ssd1306_WriteString(&charBuffer, Font_7x10, White);
      |                          ^~~~~~~~~~~
      |                          |
      |                          uint8_t (*)[10] {aka unsigned char (*)[10]}
In file included from ../Core/Src/main.c:25:
../Core/Inc/ssd1306.h:116:32: note: expected 'char *' but argument is of type 'uint8_t (*)[10]' {aka 'unsigned char (*)[10]'}
  116 | char ssd1306_WriteString(char* str, FontDef Font, SSD1306_COLOR color);
      |                          ~~~~~~^~~
../Core/Src/main.c:325:37: warning: 'Screen brightness:' directive writing 18 bytes into a region of size 10 [-Wformat-overflow=]
  325 |      sprintf(charBuffer, "Screen brightness:");
      |                           ~~~~~~~~~~^~~~~~~~
../Core/Src/main.c:325:6: note: 'sprintf' output 19 bytes into a destination of size 10
  325 |      sprintf(charBuffer, "Screen brightness:");
      |      ^~~~~~~~~~~~~~~~~~~~~~~~~~~~~~~~~~~~~~~~~
../Core/Src/main.c:296:37: warning: 'USB current limit:' directive writing 18 bytes into a region of size 10 [-Wformat-overflow=]
  296 |      sprintf(charBuffer, "USB current limit:");
      |                           ~~~~~~~~~~^~~~~~~~
../Core/Src/main.c:296:6: note: 'sprintf' output 19 bytes into a destination of size 10
  296 |      sprintf(charBuffer, "USB current limit:");
      |      ^~~~~~~~~~~~~~~~~~~~~~~~~~~~~~~~~~~~~~~~~
../Core/Src/main.c:272:37: warning: 'Charge control:' directive writing 15 bytes into a region of size 10 [-Wformat-overflow=]
  272 |      sprintf(charBuffer, "Charge control:");
      |                           ~~~~~~~~~~^~~~~
../Core/Src/main.c:272:6: note: 'sprintf' output 16 bytes into a destination of size 10
  272 |      sprintf(charBuffer, "Charge control:");
      |      ^~~~~~~~~~~~~~~~~~~~~~~~~~~~~~~~~~~~~~
../Core/Src/main.c:235:39: warning: 'Charging...' directive writing 11 bytes into a region of size 10 [-Wformat-overflow=]
  235 |        sprintf(charBuffer, "Charging...");
      |                             ~~~~~~~~~~^
../Core/Src/main.c:235:8: note: 'sprintf' output 12 bytes into a destination of size 10
  235 |        sprintf(charBuffer, "Charging...");
      |        ^~~~~~~~~~~~~~~~~~~~~~~~~~~~~~~~~~
../Core/Src/main.c:230:39: warning: 'sprintf' writing a terminating nul past the end of the destination [-Wformat-overflow=]
  230 |        sprintf(charBuffer, "Pre charge");
      |                                       ^
../Core/Src/main.c:230:8: note: 'sprintf' output 11 bytes into a destination of size 10
  230 |        sprintf(charBuffer, "Pre charge");
      |        ^~~~~~~~~~~~~~~~~~~~~~~~~~~~~~~~~
../Core/Src/main.c:225:39: warning: 'sprintf' writing a terminating nul past the end of the destination [-Wformat-overflow=]
  225 |        sprintf(charBuffer, "No charger");
      |                                       ^
../Core/Src/main.c:225:8: note: 'sprintf' output 11 bytes into a destination of size 10
  225 |        sprintf(charBuffer, "No charger");
      |        ^~~~~~~~~~~~~~~~~~~~~~~~~~~~~~~~~
../Core/Src/main.c:247:37: warning: 'Charge status:' directive writing 14 bytes into a region of size 10 [-Wformat-overflow=]
  247 |      sprintf(charBuffer, "Charge status:");
      |                           ~~~~~~~~~~^~~~
../Core/Src/main.c:247:6: note: 'sprintf' output 15 bytes into a destination of size 10
  247 |      sprintf(charBuffer, "Charge status:");
      |      ^~~~~~~~~~~~~~~~~~~~~~~~~~~~~~~~~~~~~
../Core/Src/main.c:213:37: warning: 'Board temperature:' directive writing 18 bytes into a region of size 10 [-Wformat-overflow=]
  213 |      sprintf(charBuffer, "Board temperature:");
      |                           ~~~~~~~~~~^~~~~~~~
../Core/Src/main.c:213:6: note: 'sprintf' output 19 bytes into a destination of size 10
  213 |      sprintf(charBuffer, "Board temperature:");
      |      ^~~~~~~~~~~~~~~~~~~~~~~~~~~~~~~~~~~~~~~~~
../Core/Src/main.c:199:37: warning: 'Power output:' directive writing 13 bytes into a region of size 10 [-Wformat-overflow=]
  199 |      sprintf(charBuffer, "Power output:");
      |                           ~~~~~~~~~~^~~
../Core/Src/main.c:199:6: note: 'sprintf' output 14 bytes into a destination of size 10
  199 |      sprintf(charBuffer, "Power output:");
      |      ^~~~~~~~~~~~~~~~~~~~~~~~~~~~~~~~~~~~
../Core/Src/main.c:186:37: warning: 'Current output:' directive writing 15 bytes into a region of size 10 [-Wformat-overflow=]
  186 |      sprintf(charBuffer, "Current output:");
      |                           ~~~~~~~~~~^~~~~
../Core/Src/main.c:186:6: note: 'sprintf' output 16 bytes into a destination of size 10
  186 |      sprintf(charBuffer, "Current output:");
      |      ^~~~~~~~~~~~~~~~~~~~~~~~~~~~~~~~~~~~~~
arm-none-eabi-gcc -o "18650_UPS.elf" @"objects.list"   -mcpu=cortex-m3 -T"C:\workspaces\18650_UPS\18650_UPS\STM32L151RCTX_FLASH.ld" --specs=nosys.specs -Wl,-Map="18650_UPS.map" -Wl,--gc-sections -static --specs=nano.specs -mfloat-abi=soft -mthumb -Wl,--start-group -lc -lm -Wl,--end-group
Finished building target: 18650_UPS.elf
 
arm-none-eabi-size   18650_UPS.elf 
arm-none-eabi-objdump -h -S  18650_UPS.elf  > "18650_UPS.list"
arm-none-eabi-objcopy  -O binary  18650_UPS.elf  "18650_UPS.bin"
   text	   data	    bss	    dec	    hex	filename
  28988	    140	   2364	  31492	   7b04	18650_UPS.elf
Finished building: default.size.stdout
 
Finished building: 18650_UPS.bin
 
Finished building: 18650_UPS.list
 

23:52:06 Build Finished. 0 errors, 64 warnings. (took 1s.75ms)

