20:30:49 **** Incremental Build of configuration Debug for project 18650_UPS ****
make -j12 all 
arm-none-eabi-gcc "../Core/Src/main.c" -mcpu=cortex-m3 -std=gnu11 -g3 -DDEBUG -DUSE_HAL_DRIVER -DSTM32L151xC -c -I../Core/Inc -I../Drivers/STM32L1xx_HAL_Driver/Inc -I../Drivers/STM32L1xx_HAL_Driver/Inc/Legacy -I../Drivers/CMSIS/Device/ST/STM32L1xx/Include -I../Drivers/CMSIS/Include -O0 -ffunction-sections -fdata-sections -Wall -fstack-usage -MMD -MP -MF"Core/Src/main.d" -MT"Core/Src/main.o" --specs=nano.specs -mfloat-abi=soft -mthumb -o "Core/Src/main.o"
../Core/Src/main.c: In function 'main':
../Core/Src/main.c:151:14: warning: pointer targets in passing argument 1 of 'sprintf' differ in signedness [-Wpointer-sign]
  151 |      sprintf(charBuffer, "%u mA\r\n", temp);
      |              ^~~~~~~~~~
      |              |
      |              uint8_t * {aka unsigned char *}
In file included from ../Core/Src/main.c:26:
c:\users\leo\eigene programme\stm32cubeide\stm32cubeide_1.4.0\stm32cubeide\plugins\com.st.stm32cube.ide.mcu.externaltools.gnu-tools-for-stm32.9-2020-q2-update.win32_2.0.0.202105311346\tools\bin\../lib/gcc/arm-none-eabi/9.3.1/../../../../arm-none-eabi/include/stdio.h:244:14: note: expected 'char * restrict' but argument is of type 'uint8_t *' {aka 'unsigned char *'}
  244 | int sprintf (char *__restrict, const char *__restrict, ...)
      |              ^
../Core/Src/main.c:157:14: warning: pointer targets in passing argument 1 of 'sprintf' differ in signedness [-Wpointer-sign]
  157 |      sprintf(charBuffer, "%u uV\r\n", temp);
      |              ^~~~~~~~~~
      |              |
      |              uint8_t * {aka unsigned char *}
In file included from ../Core/Src/main.c:26:
c:\users\leo\eigene programme\stm32cubeide\stm32cubeide_1.4.0\stm32cubeide\plugins\com.st.stm32cube.ide.mcu.externaltools.gnu-tools-for-stm32.9-2020-q2-update.win32_2.0.0.202105311346\tools\bin\../lib/gcc/arm-none-eabi/9.3.1/../../../../arm-none-eabi/include/stdio.h:244:14: note: expected 'char * restrict' but argument is of type 'uint8_t *' {aka 'unsigned char *'}
  244 | int sprintf (char *__restrict, const char *__restrict, ...)
      |              ^
../Core/Src/main.c:163:14: warning: pointer targets in passing argument 1 of 'sprintf' differ in signedness [-Wpointer-sign]
  163 |      sprintf(charBuffer, "%u mV\r\n", temp);
      |              ^~~~~~~~~~
      |              |
      |              uint8_t * {aka unsigned char *}
In file included from ../Core/Src/main.c:26:
c:\users\leo\eigene programme\stm32cubeide\stm32cubeide_1.4.0\stm32cubeide\plugins\com.st.stm32cube.ide.mcu.externaltools.gnu-tools-for-stm32.9-2020-q2-update.win32_2.0.0.202105311346\tools\bin\../lib/gcc/arm-none-eabi/9.3.1/../../../../arm-none-eabi/include/stdio.h:244:14: note: expected 'char * restrict' but argument is of type 'uint8_t *' {aka 'unsigned char *'}
  244 | int sprintf (char *__restrict, const char *__restrict, ...)
      |              ^
../Core/Src/main.c:170:14: warning: pointer targets in passing argument 1 of 'sprintf' differ in signedness [-Wpointer-sign]
  170 |      sprintf(charBuffer, "%u C\r\n", temp);
      |              ^~~~~~~~~~
      |              |
      |              uint8_t * {aka unsigned char *}
In file included from ../Core/Src/main.c:26:
c:\users\leo\eigene programme\stm32cubeide\stm32cubeide_1.4.0\stm32cubeide\plugins\com.st.stm32cube.ide.mcu.externaltools.gnu-tools-for-stm32.9-2020-q2-update.win32_2.0.0.202105311346\tools\bin\../lib/gcc/arm-none-eabi/9.3.1/../../../../arm-none-eabi/include/stdio.h:244:14: note: expected 'char * restrict' but argument is of type 'uint8_t *' {aka 'unsigned char *'}
  244 | int sprintf (char *__restrict, const char *__restrict, ...)
      |              ^
../Core/Src/main.c:176:14: warning: pointer targets in passing argument 1 of 'sprintf' differ in signedness [-Wpointer-sign]
  176 |      sprintf(charBuffer, "%u mW\r\n", temp);
      |              ^~~~~~~~~~
      |              |
      |              uint8_t * {aka unsigned char *}
In file included from ../Core/Src/main.c:26:
c:\users\leo\eigene programme\stm32cubeide\stm32cubeide_1.4.0\stm32cubeide\plugins\com.st.stm32cube.ide.mcu.externaltools.gnu-tools-for-stm32.9-2020-q2-update.win32_2.0.0.202105311346\tools\bin\../lib/gcc/arm-none-eabi/9.3.1/../../../../arm-none-eabi/include/stdio.h:244:14: note: expected 'char * restrict' but argument is of type 'uint8_t *' {aka 'unsigned char *'}
  244 | int sprintf (char *__restrict, const char *__restrict, ...)
      |              ^
../Core/Src/main.c:184:16: warning: pointer targets in passing argument 1 of 'sprintf' differ in signedness [-Wpointer-sign]
  184 |        sprintf(charBuffer, "No Chrg", temp);
      |                ^~~~~~~~~~
      |                |
      |                uint8_t * {aka unsigned char *}
In file included from ../Core/Src/main.c:26:
c:\users\leo\eigene programme\stm32cubeide\stm32cubeide_1.4.0\stm32cubeide\plugins\com.st.stm32cube.ide.mcu.externaltools.gnu-tools-for-stm32.9-2020-q2-update.win32_2.0.0.202105311346\tools\bin\../lib/gcc/arm-none-eabi/9.3.1/../../../../arm-none-eabi/include/stdio.h:244:14: note: expected 'char * restrict' but argument is of type 'uint8_t *' {aka 'unsigned char *'}
  244 | int sprintf (char *__restrict, const char *__restrict, ...)
      |              ^
../Core/Src/main.c:184:28: warning: too many arguments for format [-Wformat-extra-args]
  184 |        sprintf(charBuffer, "No Chrg", temp);
      |                            ^~~~~~~~~
../Core/Src/main.c:187:16: warning: pointer targets in passing argument 1 of 'sprintf' differ in signedness [-Wpointer-sign]
  187 |        sprintf(charBuffer, "Pre Chrg", temp);
      |                ^~~~~~~~~~
      |                |
      |                uint8_t * {aka unsigned char *}
In file included from ../Core/Src/main.c:26:
c:\users\leo\eigene programme\stm32cubeide\stm32cubeide_1.4.0\stm32cubeide\plugins\com.st.stm32cube.ide.mcu.externaltools.gnu-tools-for-stm32.9-2020-q2-update.win32_2.0.0.202105311346\tools\bin\../lib/gcc/arm-none-eabi/9.3.1/../../../../arm-none-eabi/include/stdio.h:244:14: note: expected 'char * restrict' but argument is of type 'uint8_t *' {aka 'unsigned char *'}
  244 | int sprintf (char *__restrict, const char *__restrict, ...)
      |              ^
../Core/Src/main.c:187:28: warning: too many arguments for format [-Wformat-extra-args]
  187 |        sprintf(charBuffer, "Pre Chrg", temp);
      |                            ^~~~~~~~~~
../Core/Src/main.c:190:16: warning: pointer targets in passing argument 1 of 'sprintf' differ in signedness [-Wpointer-sign]
  190 |        sprintf(charBuffer, "Charging", temp);
      |                ^~~~~~~~~~
      |                |
      |                uint8_t * {aka unsigned char *}
In file included from ../Core/Src/main.c:26:
c:\users\leo\eigene programme\stm32cubeide\stm32cubeide_1.4.0\stm32cubeide\plugins\com.st.stm32cube.ide.mcu.externaltools.gnu-tools-for-stm32.9-2020-q2-update.win32_2.0.0.202105311346\tools\bin\../lib/gcc/arm-none-eabi/9.3.1/../../../../arm-none-eabi/include/stdio.h:244:14: note: expected 'char * restrict' but argument is of type 'uint8_t *' {aka 'unsigned char *'}
  244 | int sprintf (char *__restrict, const char *__restrict, ...)
      |              ^
../Core/Src/main.c:190:28: warning: too many arguments for format [-Wformat-extra-args]
  190 |        sprintf(charBuffer, "Charging", temp);
      |                            ^~~~~~~~~~
../Core/Src/main.c:193:16: warning: pointer targets in passing argument 1 of 'sprintf' differ in signedness [-Wpointer-sign]
  193 |        sprintf(charBuffer, "Done!", temp);
      |                ^~~~~~~~~~
      |                |
      |                uint8_t * {aka unsigned char *}
In file included from ../Core/Src/main.c:26:
c:\users\leo\eigene programme\stm32cubeide\stm32cubeide_1.4.0\stm32cubeide\plugins\com.st.stm32cube.ide.mcu.externaltools.gnu-tools-for-stm32.9-2020-q2-update.win32_2.0.0.202105311346\tools\bin\../lib/gcc/arm-none-eabi/9.3.1/../../../../arm-none-eabi/include/stdio.h:244:14: note: expected 'char * restrict' but argument is of type 'uint8_t *' {aka 'unsigned char *'}
  244 | int sprintf (char *__restrict, const char *__restrict, ...)
      |              ^
../Core/Src/main.c:193:28: warning: too many arguments for format [-Wformat-extra-args]
  193 |        sprintf(charBuffer, "Done!", temp);
      |                            ^~~~~~~
../Core/Src/main.c:208:24: warning: passing argument 1 of 'ssd1306_WriteString' from incompatible pointer type [-Wincompatible-pointer-types]
  208 |    ssd1306_WriteString(&charBuffer, Font_16x26, White);
      |                        ^~~~~~~~~~~
      |                        |
      |                        uint8_t (*)[10] {aka unsigned char (*)[10]}
In file included from ../Core/Src/main.c:25:
../Core/Inc/ssd1306.h:116:32: note: expected 'char *' but argument is of type 'uint8_t (*)[10]' {aka 'unsigned char (*)[10]'}
  116 | char ssd1306_WriteString(char* str, FontDef Font, SSD1306_COLOR color);
      |                          ~~~~~~^~~
arm-none-eabi-gcc -o "18650_UPS.elf" @"objects.list"   -mcpu=cortex-m3 -T"C:\workspaces\18650_UPS\18650_UPS\STM32L151RCTX_FLASH.ld" --specs=nosys.specs -Wl,-Map="18650_UPS.map" -Wl,--gc-sections -static --specs=nano.specs -mfloat-abi=soft -mthumb -Wl,--start-group -lc -lm -Wl,--end-group
Finished building target: 18650_UPS.elf
 
arm-none-eabi-size   18650_UPS.elf 
arm-none-eabi-objdump -h -S  18650_UPS.elf  > "18650_UPS.list"
arm-none-eabi-objcopy  -O binary  18650_UPS.elf  "18650_UPS.bin"
   text	   data	    bss	    dec	    hex	filename
  26264	    128	   2368	  28760	   7058	18650_UPS.elf
Finished building: default.size.stdout
 
Finished building: 18650_UPS.bin
 
Finished building: 18650_UPS.list
 

20:30:50 Build Finished. 0 errors, 14 warnings. (took 929ms)

